Component: ARM Compiler 5.05 update 2 (build 169) Tool: armlink [4d0f33]

==============================================================================

Section Cross References

    main.o(.text) refers to os_cpu_c.o(.text) for OS_CPU_SysTickInit
    main.o(.text) refers to os_core.o(.text) for OSStatInit
    main.o(.text) refers to task.o(.text) for App_Task
    main.o(.text) refers to os_time.o(.text) for OSTimeDlyHMSM
    main.o(.text) refers to os_cpu_a.o(.text) for CPU_IntDis
    main.o(.text) refers to os_task.o(.text) for OSTaskCreateExt
    main.o(.text) refers to system_stm32f4xx.o(.data) for SystemCoreClock
    main.o(.text) refers to main.o(.bss) for App_TaskStartStk
    timer.o(.text) refers to stm32f4xx_rcc.o(.text) for RCC_APB2PeriphClockCmd
    timer.o(.text) refers to stm32f4xx_tim.o(.text) for TIM_TimeBaseInit
    timer.o(.text) refers to misc.o(.text) for NVIC_Init
    timer.o(.text) refers to stm32f4xx_gpio.o(.text) for GPIO_PinAFConfig
    stm32f4xx_it.o(.text) refers to os_cpu_a.o(.text) for OS_CPU_SR_Save
    stm32f4xx_it.o(.text) refers to can.o(.text) for CAN_RxMsg
    stm32f4xx_it.o(.text) refers to get_set.o(.text) for Set_Pos
    stm32f4xx_it.o(.text) refers to stm32f4xx_can.o(.text) for CAN_ClearFlag
    stm32f4xx_it.o(.text) refers to os_core.o(.text) for OSIntExit
    stm32f4xx_it.o(.text) refers to os_core.o(.data) for OSIntNesting
    stm32f4xx_it.o(.text) refers to stm32f4xx_it.o(.data) for buffer
    stm32f4xx_it.o(.text) refers to task.o(.data) for timenumber
    stm32f4xx_it.o(.text) refers to stm32f4xx_tim.o(.text) for TIM_GetITStatus
    stm32f4xx_it.o(.text) refers to os_sem.o(.text) for OSSemPost
    stm32f4xx_it.o(.text) refers to walk.o(.text) for SetActualVel
    stm32f4xx_it.o(.text) refers to stm32f4xx_usart.o(.text) for USART_GetITStatus
    stm32f4xx_it.o(.text) refers to stm32f4xx_it.o(.bss) for posture
    gpio.o(.text) refers to stm32f4xx_rcc.o(.text) for RCC_AHB1PeriphClockCmd
    gpio.o(.text) refers to stm32f4xx_gpio.o(.text) for GPIO_Init
    usart.o(.text) refers to stm32f4xx_usart.o(.text) for USART_SendData
    usart.o(.text) refers to stm32f4xx_rcc.o(.text) for RCC_AHB1PeriphClockCmd
    usart.o(.text) refers to stm32f4xx_gpio.o(.text) for GPIO_PinAFConfig
    usart.o(.text) refers to misc.o(.text) for NVIC_Init
    usart.o(.text) refers to drleqf.o(x$fpl$drleqf) for __aeabi_cdrcmple
    usart.o(.text) refers to pow.o(i.__hardfp_pow) for __hardfp_pow
    usart.o(.text) refers to dmul.o(x$fpl$dmul) for __aeabi_dmul
    usart.o(.text) refers to dfix.o(x$fpl$dfix) for __aeabi_d2iz
    usart.o(.text) refers to dflt_clz.o(x$fpl$dfltu) for __aeabi_ui2d
    usart.o(.text) refers to basic.o(x$fpl$basic) for __aeabi_dneg
    usart.o(.text) refers to usart.o(.data) for Uart2Data
    elmo.o(.text) refers to can.o(.text) for CAN_TxMsg
    elmo.o(.text) refers to stm32f4xx_can.o(.text) for CAN_Transmit
    elmo.o(.text) refers to rt_memcpy_w.o(.text) for __aeabi_memcpy4
    elmo.o(.text) refers to elmo.o(.constdata) for .constdata
    can.o(.text) refers to stm32f4xx_rcc.o(.text) for RCC_APB1PeriphClockCmd
    can.o(.text) refers to stm32f4xx_gpio.o(.text) for GPIO_PinAFConfig
    can.o(.text) refers to stm32f4xx_can.o(.text) for CAN_DeInit
    can.o(.text) refers to misc.o(.text) for NVIC_Init
    can.o(.text) refers to can.o(.data) for txdata
    adc.o(.text) refers to stm32f4xx_rcc.o(.text) for RCC_AHB1PeriphClockCmd
    adc.o(.text) refers to stm32f4xx_dma.o(.text) for DMA_Init
    adc.o(.text) refers to stm32f4xx_gpio.o(.text) for GPIO_Init
    adc.o(.text) refers to stm32f4xx_adc.o(.text) for ADC_CommonInit
    adc.o(.text) refers to dflt_clz.o(x$fpl$dflt) for __aeabi_i2d
    adc.o(.text) refers to fabs.o(i.__hardfp_fabs) for __hardfp_fabs
    adc.o(.text) refers to daddsub_clz.o(x$fpl$dsub) for __aeabi_dsub
    adc.o(.text) refers to drleqf.o(x$fpl$drleqf) for __aeabi_cdrcmple
    adc.o(.text) refers to adc.o(.bss) for ADC_Data
    adc.o(.text) refers to adc.o(.data) for firstFlag
    cylinder.o(.text) refers to stm32f4xx_can.o(.text) for CAN_Transmit
    cylinder.o(.text) refers to cylinder.o(.data) for array
    task.o(.text) refers to debug.o(.text) for ChooseWay
    task.o(.text) refers to os_sem.o(.text) for OSSemPend
    task.o(.text) refers to get_set.o(.text) for Calculate
    task.o(.text) refers to fuzzypid.o(.text) for FPIDpos_Set
    task.o(.text) refers to adc.o(.text) for AverageValue
    task.o(.text) refers to robs.o(.text) for ReadROBSAngle
    task.o(.text) refers to elmo.o(.text) for ReadActualVel
    task.o(.text) refers to stm32f4xx_gpio.o(.text) for GPIO_ReadInputDataBit
    task.o(.text) refers to track.o(.text) for UpdataHeight
    task.o(.text) refers to timer.o(.text) for TIM_Delayms
    task.o(.text) refers to usart.o(.text) for USART_OUT
    task.o(.text) refers to stm32f4xx_tim.o(.text) for TIM_SetCompare3
    task.o(.text) refers to task.o(.data) for DebugSem
    task.o(.text) refers to task.o(.bss) for debug_actVel
[...]
    DMA1_Stream2_IRQHandler                  0x08009ab9   Thumb Code     0  startup_stm32f4xx.o(.text)
    DMA1_Stream3_IRQHandler                  0x08009ab9   Thumb Code     0  startup_stm32f4xx.o(.text)
    DMA1_Stream4_IRQHandler                  0x08009ab9   Thumb Code     0  startup_stm32f4xx.o(.text)
    DMA1_Stream5_IRQHandler                  0x08009ab9   Thumb Code     0  startup_stm32f4xx.o(.text)
    DMA1_Stream6_IRQHandler                  0x08009ab9   Thumb Code     0  startup_stm32f4xx.o(.text)
    DMA1_Stream7_IRQHandler                  0x08009ab9   Thumb Code     0  startup_stm32f4xx.o(.text)
    DMA2_Stream0_IRQHandler                  0x08009ab9   Thumb Code     0  startup_stm32f4xx.o(.text)
    DMA2_Stream1_IRQHandler                  0x08009ab9   Thumb Code     0  startup_stm32f4xx.o(.text)
    DMA2_Stream2_IRQHandler                  0x08009ab9   Thumb Code     0  startup_stm32f4xx.o(.text)
    DMA2_Stream3_IRQHandler                  0x08009ab9   Thumb Code     0  startup_stm32f4xx.o(.text)
    DMA2_Stream4_IRQHandler                  0x08009ab9   Thumb Code     0  startup_stm32f4xx.o(.text)
    DMA2_Stream5_IRQHandler                  0x08009ab9   Thumb Code     0  startup_stm32f4xx.o(.text)
    DMA2_Stream6_IRQHandler                  0x08009ab9   Thumb Code     0  startup_stm32f4xx.o(.text)
    DMA2_Stream7_IRQHandler                  0x08009ab9   Thumb Code     0  startup_stm32f4xx.o(.text)
    ETH_IRQHandler                           0x08009ab9   Thumb Code     0  startup_stm32f4xx.o(.text)
    ETH_WKUP_IRQHandler                      0x08009ab9   Thumb Code     0  startup_stm32f4xx.o(.text)
    EXTI0_IRQHandler                         0x08009ab9   Thumb Code     0  startup_stm32f4xx.o(.text)
    EXTI15_10_IRQHandler                     0x08009ab9   Thumb Code     0  startup_stm32f4xx.o(.text)
    EXTI1_IRQHandler                         0x08009ab9   Thumb Code     0  startup_stm32f4xx.o(.text)
    EXTI2_IRQHandler                         0x08009ab9   Thumb Code     0  startup_stm32f4xx.o(.text)
    EXTI3_IRQHandler                         0x08009ab9   Thumb Code     0  startup_stm32f4xx.o(.text)
    EXTI4_IRQHandler                         0x08009ab9   Thumb Code     0  startup_stm32f4xx.o(.text)
    EXTI9_5_IRQHandler                       0x08009ab9   Thumb Code     0  startup_stm32f4xx.o(.text)
    FLASH_IRQHandler                         0x08009ab9   Thumb Code     0  startup_stm32f4xx.o(.text)
    FPU_IRQHandler                           0x08009ab9   Thumb Code     0  startup_stm32f4xx.o(.text)
    FSMC_IRQHandler                          0x08009ab9   Thumb Code     0  startup_stm32f4xx.o(.text)
    HASH_RNG_IRQHandler                      0x08009ab9   Thumb Code     0  startup_stm32f4xx.o(.text)
    I2C1_ER_IRQHandler                       0x08009ab9   Thumb Code     0  startup_stm32f4xx.o(.text)
    I2C1_EV_IRQHandler                       0x08009ab9   Thumb Code     0  startup_stm32f4xx.o(.text)
    I2C2_ER_IRQHandler                       0x08009ab9   Thumb Code     0  startup_stm32f4xx.o(.text)
    I2C2_EV_IRQHandler                       0x08009ab9   Thumb Code     0  startup_stm32f4xx.o(.text)
    I2C3_ER_IRQHandler                       0x08009ab9   Thumb Code     0  startup_stm32f4xx.o(.text)
    I2C3_EV_IRQHandler                       0x08009ab9   Thumb Code     0  startup_stm32f4xx.o(.text)
    OTG_FS_IRQHandler                        0x08009ab9   Thumb Code     0  startup_stm32f4xx.o(.text)
    OTG_FS_WKUP_IRQHandler                   0x08009ab9   Thumb Code     0  startup_stm32f4xx.o(.text)
    OTG_HS_EP1_IN_IRQHandler                 0x08009ab9   Thumb Code     0  startup_stm32f4xx.o(.text)
    OTG_HS_EP1_OUT_IRQHandler                0x08009ab9   Thumb Code     0  startup_stm32f4xx.o(.text)
    OTG_HS_IRQHandler                        0x08009ab9   Thumb Code     0  startup_stm32f4xx.o(.text)
    OTG_HS_WKUP_IRQHandler                   0x08009ab9   Thumb Code     0  startup_stm32f4xx.o(.text)
    PVD_IRQHandler                           0x08009ab9   Thumb Code     0  startup_stm32f4xx.o(.text)
    RCC_IRQHandler                           0x08009ab9   Thumb Code     0  startup_stm32f4xx.o(.text)
    RTC_Alarm_IRQHandler                     0x08009ab9   Thumb Code     0  startup_stm32f4xx.o(.text)
    RTC_WKUP_IRQHandler                      0x08009ab9   Thumb Code     0  startup_stm32f4xx.o(.text)
    SDIO_IRQHandler                          0x08009ab9   Thumb Code     0  startup_stm32f4xx.o(.text)
    SPI1_IRQHandler                          0x08009ab9   Thumb Code     0  startup_stm32f4xx.o(.text)
    SPI2_IRQHandler                          0x08009ab9   Thumb Code     0  startup_stm32f4xx.o(.text)
    SPI3_IRQHandler                          0x08009ab9   Thumb Code     0  startup_stm32f4xx.o(.text)
    TAMP_STAMP_IRQHandler                    0x08009ab9   Thumb Code     0  startup_stm32f4xx.o(.text)
    TIM1_BRK_TIM9_IRQHandler                 0x08009ab9   Thumb Code     0  startup_stm32f4xx.o(.text)
    TIM1_CC_IRQHandler                       0x08009ab9   Thumb Code     0  startup_stm32f4xx.o(.text)
    TIM1_TRG_COM_TIM11_IRQHandler            0x08009ab9   Thumb Code     0  startup_stm32f4xx.o(.text)
    TIM6_DAC_IRQHandler                      0x08009ab9   Thumb Code     0  startup_stm32f4xx.o(.text)
    TIM7_IRQHandler                          0x08009ab9   Thumb Code     0  startup_stm32f4xx.o(.text)
    TIM8_BRK_TIM12_IRQHandler                0x08009ab9   Thumb Code     0  startup_stm32f4xx.o(.text)
    TIM8_CC_IRQHandler                       0x08009ab9   Thumb Code     0  startup_stm32f4xx.o(.text)
    TIM8_TRG_COM_TIM14_IRQHandler            0x08009ab9   Thumb Code     0  startup_stm32f4xx.o(.text)
    USART2_IRQHandler                        0x08009ab9   Thumb Code     0  startup_stm32f4xx.o(.text)
    USART6_IRQHandler                        0x08009ab9   Thumb Code     0  startup_stm32f4xx.o(.text)
    WWDG_IRQHandler                          0x08009ab9   Thumb Code     0  startup_stm32f4xx.o(.text)
    __user_initial_stackheap                 0x08009abd   Thumb Code     0  startup_stm32f4xx.o(.text)
    OSInitHookBegin                          0x08009ae5   Thumb Code    40  os_cpu_c.o(.text)
    OSInitHookEnd                            0x08009b0d   Thumb Code     2  os_cpu_c.o(.text)
    OSTaskCreateHook                         0x08009b0f   Thumb Code    12  os_cpu_c.o(.text)
    OSTaskDelHook                            0x08009b1b   Thumb Code    12  os_cpu_c.o(.text)
    OSTaskIdleHook                           0x08009b27   Thumb Code     8  os_cpu_c.o(.text)
    OSTaskStatHook                           0x08009b2f   Thumb Code     8  os_cpu_c.o(.text)
    OSTaskStkInit                            0x08009b37   Thumb Code   486  os_cpu_c.o(.text)
    OSTaskSwHook                             0x08009d1d   Thumb Code     8  os_cpu_c.o(.text)
    OSTCBInitHook                            0x08009d25   Thumb Code    12  os_cpu_c.o(.text)
    OSTimeTickHook                           0x08009d31   Thumb Code    34  os_cpu_c.o(.text)
    SysTick_Handler                          0x08009d53   Thumb Code    34  os_cpu_c.o(.text)
    OS_CPU_SysTickInit                       0x08009d75   Thumb Code    28  os_cpu_c.o(.text)
    OS_CPU_SR_Save                           0x08009dad   Thumb Code     0  os_cpu_a.o(.text)
    OS_CPU_SR_Restore                        0x08009db5   Thumb Code     0  os_cpu_a.o(.text)
    OSStartHighRdy                           0x08009dbb   Thumb Code     0  os_cpu_a.o(.text)
    OSCtxSw                                  0x08009ddb   Thumb Code     0  os_cpu_a.o(.text)
    OSIntCtxSw                               0x08009de5   Thumb Code     0  os_cpu_a.o(.text)
    PendSV_Handler                           0x08009def   Thumb Code     0  os_cpu_a.o(.text)
    CPU_IntDis                               0x08009e3d   Thumb Code     0  os_cpu_a.o(.text)
    CPU_IntEn                                0x08009e41   Thumb Code     0  os_cpu_a.o(.text)
    OSDebugInit                              0x08009e65   Thumb Code   118  os_dbg.o(.text)
    OS_StrLen                                0x08009fc1   Thumb Code    20  os_core.o(.text)
    OSEventNameGet                           0x08009fd5   Thumb Code   118  os_core.o(.text)
    OSEventNameSet                           0x0800a04b   Thumb Code   100  os_core.o(.text)
    OS_EventTaskRemoveMulti                  0x0800a0af   Thumb Code    58  os_core.o(.text)
    OS_Sched                                 0x0800a103   Thumb Code    88  os_core.o(.text)
    OS_EventTaskWaitMulti                    0x0800a15b   Thumb Code   136  os_core.o(.text)
    OSEventPendMulti                         0x0800a1e3   Thumb Code   760  os_core.o(.text)
    OS_TaskStatStkChk                        0x0800a4db   Thumb Code    54  os_core.o(.text)
    OS_TaskStat                              0x0800a511   Thumb Code   116  os_core.o(.text)
    OS_TaskIdle                              0x0800a5b9   Thumb Code    34  os_core.o(.text)
    OS_MemClr                                0x0800a60f   Thumb Code    18  os_core.o(.text)
    OSInit                                   0x0800a737   Thumb Code    56  os_core.o(.text)
    OSIntEnter                               0x0800a76f   Thumb Code    28  os_core.o(.text)
    OSIntExit                                0x0800a78b   Thumb Code   258  os_core.o(.text)
    OSSchedLock                              0x0800a88d   Thumb Code    50  os_core.o(.text)
    OSSchedUnlock                            0x0800a8bf   Thumb Code    82  os_core.o(.text)
    OSStart                                  0x0800a911   Thumb Code    48  os_core.o(.text)
    OSStatInit                               0x0800a941   Thumb Code    62  os_core.o(.text)
    OSTimeTick                               0x0800a97f   Thumb Code   210  os_core.o(.text)
    OSVersion                                0x0800aa51   Thumb Code     6  os_core.o(.text)
    OS_Dummy                                 0x0800aa57   Thumb Code     2  os_core.o(.text)
    OS_EventTaskRemove                       0x0800aa59   Thumb Code    42  os_core.o(.text)
    OS_EventTaskRdy                          0x0800aa83   Thumb Code   128  os_core.o(.text)
    OS_EventTaskWait                         0x0800ab03   Thumb Code   112  os_core.o(.text)
    OS_EventWaitListInit                     0x0800ab73   Thumb Code    28  os_core.o(.text)
    OS_MemCopy                               0x0800ab8f   Thumb Code    20  os_core.o(.text)
    OS_TCBInit                               0x0800aba3   Thumb Code   358  os_core.o(.text)
    OSFlagAccept                             0x0800ad11   Thumb Code   262  os_flag.o(.text)
    OSFlagCreate                             0x0800ae17   Thumb Code    86  os_flag.o(.text)
    OS_FlagUnlink                            0x0800ae6d   Thumb Code    36  os_flag.o(.text)
    OSFlagDel                                0x0800aee3   Thumb Code   224  os_flag.o(.text)
    OSFlagNameGet                            0x0800afc3   Thumb Code   100  os_flag.o(.text)
    OSFlagNameSet                            0x0800b027   Thumb Code    82  os_flag.o(.text)
    OSFlagPend                               0x0800b111   Thumb Code   626  os_flag.o(.text)
    OSFlagPendGetFlagsRdy                    0x0800b383   Thumb Code    26  os_flag.o(.text)
    OSFlagPost                               0x0800b39d   Thumb Code   322  os_flag.o(.text)
    OSFlagQuery                              0x0800b4df   Thumb Code    58  os_flag.o(.text)
    OS_FlagInit                              0x0800b519   Thumb Code    78  os_flag.o(.text)
    OSMemCreate                              0x0800b575   Thumb Code   164  os_mem.o(.text)
    OSMemGet                                 0x0800b619   Thumb Code    72  os_mem.o(.text)
    OSMemNameGet                             0x0800b661   Thumb Code    80  os_mem.o(.text)
    OSMemNameSet                             0x0800b6b1   Thumb Code    64  os_mem.o(.text)
    OSMemPut                                 0x0800b6f1   Thumb Code    66  os_mem.o(.text)
    OSMemQuery                               0x0800b733   Thumb Code    64  os_mem.o(.text)
    OS_MemInit                               0x0800b773   Thumb Code    74  os_mem.o(.text)
    OSQAccept                                0x0800b7cd   Thumb Code    98  os_q.o(.text)
    OSQCreate                                0x0800b82f   Thumb Code   144  os_q.o(.text)
    OSQDel                                   0x0800b8bf   Thumb Code   254  os_q.o(.text)
    OSQFlush                                 0x0800b9bd   Thumb Code    52  os_q.o(.text)
    OSQPend                                  0x0800b9f1   Thumb Code   288  os_q.o(.text)
    OSQPendAbort                             0x0800bb11   Thumb Code   138  os_q.o(.text)
    OSQPost                                  0x0800bb9b   Thumb Code   120  os_q.o(.text)
    OSQPostFront                             0x0800bc13   Thumb Code   146  os_q.o(.text)
    OSQPostOpt                               0x0800bca5   Thumb Code   188  os_q.o(.text)
    OSQQuery                                 0x0800bd61   Thumb Code   110  os_q.o(.text)
    OS_QInit                                 0x0800bdcf   Thumb Code    72  os_q.o(.text)
    OSSemAccept                              0x0800be21   Thumb Code    48  os_sem.o(.text)
    OSSemCreate                              0x0800be51   Thumb Code    72  os_sem.o(.text)
    OSSemDel                                 0x0800be99   Thumb Code   220  os_sem.o(.text)
    OSSemPend                                0x0800bf75   Thumb Code   236  os_sem.o(.text)
    OSSemPendAbort                           0x0800c061   Thumb Code   138  os_sem.o(.text)
    OSSemPost                                0x0800c0eb   Thumb Code    94  os_sem.o(.text)
    OSSemQuery                               0x0800c149   Thumb Code    88  os_sem.o(.text)
    OSSemSet                                 0x0800c1a1   Thumb Code    74  os_sem.o(.text)
    OSTaskChangePrio                         0x0800c201   Thumb Code   418  os_task.o(.text)
    OSTaskCreate                             0x0800c3a3   Thumb Code   156  os_task.o(.text)
    OS_TaskStkClr                            0x0800c43f   Thumb Code    26  os_task.o(.text)
    OSTaskCreateExt                          0x0800c459   Thumb Code   178  os_task.o(.text)
    OSTaskDel                                0x0800c50b   Thumb Code   354  os_task.o(.text)
    OSTaskDelReq                             0x0800c66d   Thumb Code   112  os_task.o(.text)
    OSTaskNameGet                            0x0800c6dd   Thumb Code   140  os_task.o(.text)
    OSTaskNameSet                            0x0800c769   Thumb Code   120  os_task.o(.text)
    OSTaskResume                             0x0800c7e1   Thumb Code   162  os_task.o(.text)
    OSTaskStkChk                             0x0800c883   Thumb Code   150  os_task.o(.text)
    OSTaskSuspend                            0x0800c919   Thumb Code   172  os_task.o(.text)
    OSTaskQuery                              0x0800c9c5   Thumb Code   132  os_task.o(.text)
    OSTaskRegGet                             0x0800ca49   Thumb Code    86  os_task.o(.text)
    OSTaskRegSet                             0x0800ca9f   Thumb Code    84  os_task.o(.text)
    OS_TaskReturn                            0x0800caf3   Thumb Code    18  os_task.o(.text)
    OSTimeDly                                0x0800cb0d   Thumb Code   100  os_time.o(.text)
    OSTimeDlyHMSM                            0x0800cb71   Thumb Code   124  os_time.o(.text)
    OSTimeDlyResume                          0x0800cbed   Thumb Code   168  os_time.o(.text)
    OSTimeGet                                0x0800cc95   Thumb Code    24  os_time.o(.text)
    OSTimeSet                                0x0800ccad   Thumb Code    24  os_time.o(.text)
    OSTmrCreate                              0x0800cd13   Thumb Code   142  os_tmr.o(.text)
    OSTmrDel                                 0x0800ce19   Thumb Code   134  os_tmr.o(.text)
    OSTmrNameGet                             0x0800ce9f   Thumb Code   134  os_tmr.o(.text)
    OSTmrRemainGet                           0x0800cf25   Thumb Code   172  os_tmr.o(.text)
    OSTmrStateGet                            0x0800cfd1   Thumb Code    96  os_tmr.o(.text)
    OSTmrStart                               0x0800d095   Thumb Code   166  os_tmr.o(.text)
    OSTmrStop                                0x0800d13b   Thumb Code   190  os_tmr.o(.text)
    OSTmrSignal                              0x0800d1f9   Thumb Code    16  os_tmr.o(.text)
    OSTmr_Init                               0x0800d2ad   Thumb Code   172  os_tmr.o(.text)
    OSTaskReturnHook                         0x0800d3c1   Thumb Code     2  os_apphooks.o(.text)
    App_TaskCreateHook                       0x0800d3c3   Thumb Code     2  os_apphooks.o(.text)
    App_TaskDelHook                          0x0800d3c5   Thumb Code     2  os_apphooks.o(.text)
    App_TaskIdleHook                         0x0800d3c7   Thumb Code     2  os_apphooks.o(.text)
    App_TaskReturnHook                       0x0800d3c9   Thumb Code     2  os_apphooks.o(.text)
    App_TaskStatHook                         0x0800d3cb   Thumb Code     2  os_apphooks.o(.text)
    App_TaskSwHook                           0x0800d3cd   Thumb Code     2  os_apphooks.o(.text)
    App_TCBInitHook                          0x0800d3cf   Thumb Code     2  os_apphooks.o(.text)
    App_TimeTickHook                         0x0800d3d1   Thumb Code     2  os_apphooks.o(.text)
    GPIO_DeInit                              0x0800d3d5   Thumb Code   220  stm32f4xx_gpio.o(.text)
    GPIO_Init                                0x0800d4b1   Thumb Code   144  stm32f4xx_gpio.o(.text)
    GPIO_StructInit                          0x0800d541   Thumb Code    18  stm32f4xx_gpio.o(.text)
    GPIO_PinLockConfig                       0x0800d553   Thumb Code    34  stm32f4xx_gpio.o(.text)
    GPIO_ReadInputDataBit                    0x0800d575   Thumb Code    18  stm32f4xx_gpio.o(.text)
    GPIO_ReadInputData                       0x0800d587   Thumb Code     8  stm32f4xx_gpio.o(.text)
    GPIO_ReadOutputDataBit                   0x0800d58f   Thumb Code    18  stm32f4xx_gpio.o(.text)
    GPIO_ReadOutputData                      0x0800d5a1   Thumb Code     8  stm32f4xx_gpio.o(.text)
    GPIO_SetBits                             0x0800d5a9   Thumb Code     4  stm32f4xx_gpio.o(.text)
    GPIO_ResetBits                           0x0800d5ad   Thumb Code     4  stm32f4xx_gpio.o(.text)
    GPIO_WriteBit                            0x0800d5b1   Thumb Code    10  stm32f4xx_gpio.o(.text)
    GPIO_Write                               0x0800d5bb   Thumb Code     4  stm32f4xx_gpio.o(.text)
    GPIO_ToggleBits                          0x0800d5bf   Thumb Code     8  stm32f4xx_gpio.o(.text)
    GPIO_PinAFConfig                         0x0800d5c7   Thumb Code    70  stm32f4xx_gpio.o(.text)
    RCC_DeInit                               0x0800d631   Thumb Code    60  stm32f4xx_rcc.o(.text)
    RCC_HSEConfig                            0x0800d66d   Thumb Code    14  stm32f4xx_rcc.o(.text)
    RCC_GetFlagStatus                        0x0800d67b   Thumb Code    60  stm32f4xx_rcc.o(.text)
    RCC_WaitForHSEStartUp                    0x0800d6b7   Thumb Code    56  stm32f4xx_rcc.o(.text)
    RCC_AdjustHSICalibrationValue            0x0800d6ef   Thumb Code    20  stm32f4xx_rcc.o(.text)
    RCC_HSICmd                               0x0800d703   Thumb Code     6  stm32f4xx_rcc.o(.text)
    RCC_LSEConfig                            0x0800d709   Thumb Code    46  stm32f4xx_rcc.o(.text)
    RCC_LSICmd                               0x0800d737   Thumb Code     6  stm32f4xx_rcc.o(.text)
    RCC_PLLConfig                            0x0800d73d   Thumb Code    32  stm32f4xx_rcc.o(.text)
    RCC_PLLCmd                               0x0800d75d   Thumb Code     6  stm32f4xx_rcc.o(.text)
    RCC_PLLI2SConfig                         0x0800d763   Thumb Code    14  stm32f4xx_rcc.o(.text)
    RCC_PLLI2SCmd                            0x0800d771   Thumb Code     6  stm32f4xx_rcc.o(.text)
    RCC_ClockSecuritySystemCmd               0x0800d777   Thumb Code     6  stm32f4xx_rcc.o(.text)
    RCC_MCO1Config                           0x0800d77d   Thumb Code    28  stm32f4xx_rcc.o(.text)
    RCC_MCO2Config                           0x0800d799   Thumb Code    28  stm32f4xx_rcc.o(.text)
    RCC_SYSCLKConfig                         0x0800d7b5   Thumb Code    20  stm32f4xx_rcc.o(.text)
    RCC_GetSYSCLKSource                      0x0800d7c9   Thumb Code    12  stm32f4xx_rcc.o(.text)
    RCC_HCLKConfig                           0x0800d7d5   Thumb Code    20  stm32f4xx_rcc.o(.text)
    RCC_PCLK1Config                          0x0800d7e9   Thumb Code    20  stm32f4xx_rcc.o(.text)
    RCC_PCLK2Config                          0x0800d7fd   Thumb Code    22  stm32f4xx_rcc.o(.text)
    RCC_GetClocksFreq                        0x0800d813   Thumb Code   222  stm32f4xx_rcc.o(.text)
    RCC_RTCCLKConfig                         0x0800d8f1   Thumb Code    54  stm32f4xx_rcc.o(.text)
    RCC_RTCCLKCmd                            0x0800d927   Thumb Code     8  stm32f4xx_rcc.o(.text)
    RCC_BackupResetCmd                       0x0800d92f   Thumb Code     8  stm32f4xx_rcc.o(.text)
    RCC_I2SCLKConfig                         0x0800d937   Thumb Code     6  stm32f4xx_rcc.o(.text)
    RCC_AHB1PeriphClockCmd                   0x0800d93d   Thumb Code    34  stm32f4xx_rcc.o(.text)
    RCC_AHB2PeriphClockCmd                   0x0800d95f   Thumb Code    34  stm32f4xx_rcc.o(.text)
    RCC_AHB3PeriphClockCmd                   0x0800d981   Thumb Code    34  stm32f4xx_rcc.o(.text)
    RCC_APB1PeriphClockCmd                   0x0800d9a3   Thumb Code    34  stm32f4xx_rcc.o(.text)
    RCC_APB2PeriphClockCmd                   0x0800d9c5   Thumb Code    34  stm32f4xx_rcc.o(.text)
    RCC_AHB1PeriphResetCmd                   0x0800d9e7   Thumb Code    34  stm32f4xx_rcc.o(.text)
    RCC_AHB2PeriphResetCmd                   0x0800da09   Thumb Code    72  stm32f4xx_rcc.o(.text)
    RCC_AHB3PeriphResetCmd                   0x0800da51   Thumb Code    34  stm32f4xx_rcc.o(.text)
    RCC_APB1PeriphResetCmd                   0x0800da73   Thumb Code    34  stm32f4xx_rcc.o(.text)
    RCC_APB2PeriphResetCmd                   0x0800da95   Thumb Code    34  stm32f4xx_rcc.o(.text)
    RCC_AHB1PeriphClockLPModeCmd             0x0800dab7   Thumb Code    34  stm32f4xx_rcc.o(.text)
    RCC_AHB2PeriphClockLPModeCmd             0x0800dad9   Thumb Code    34  stm32f4xx_rcc.o(.text)
    RCC_AHB3PeriphClockLPModeCmd             0x0800dafb   Thumb Code    34  stm32f4xx_rcc.o(.text)
    RCC_APB1PeriphClockLPModeCmd             0x0800db1d   Thumb Code    34  stm32f4xx_rcc.o(.text)
    RCC_APB2PeriphClockLPModeCmd             0x0800db3f   Thumb Code    34  stm32f4xx_rcc.o(.text)
    RCC_ITConfig                             0x0800db61   Thumb Code    34  stm32f4xx_rcc.o(.text)
    RCC_ClearFlag                            0x0800db83   Thumb Code    18  stm32f4xx_rcc.o(.text)
    RCC_GetITStatus                          0x0800db95   Thumb Code    22  stm32f4xx_rcc.o(.text)
    RCC_ClearITPendingBit                    0x0800dbab   Thumb Code     8  stm32f4xx_rcc.o(.text)
    NVIC_PriorityGroupConfig                 0x0800dbb9   Thumb Code    10  misc.o(.text)
    NVIC_Init                                0x0800dbc3   Thumb Code   106  misc.o(.text)
    NVIC_SetVectorTable                      0x0800dc2d   Thumb Code    14  misc.o(.text)
    NVIC_SystemLPConfig                      0x0800dc3b   Thumb Code    34  misc.o(.text)
    SysTick_CLKSourceConfig                  0x0800dc5d   Thumb Code    40  misc.o(.text)
    TIM_DeInit                               0x0800dc99   Thumb Code   346  stm32f4xx_tim.o(.text)
    TIM_TimeBaseInit                         0x0800ddf3   Thumb Code   104  stm32f4xx_tim.o(.text)
    TIM_TimeBaseStructInit                   0x0800de5b   Thumb Code    18  stm32f4xx_tim.o(.text)
    TIM_PrescalerConfig                      0x0800de6d   Thumb Code     6  stm32f4xx_tim.o(.text)
    TIM_CounterModeConfig                    0x0800de73   Thumb Code    18  stm32f4xx_tim.o(.text)
    TIM_SetCounter                           0x0800de85   Thumb Code     4  stm32f4xx_tim.o(.text)
    TIM_SetAutoreload                        0x0800de89   Thumb Code     4  stm32f4xx_tim.o(.text)
    TIM_GetCounter                           0x0800de8d   Thumb Code     6  stm32f4xx_tim.o(.text)
    TIM_GetPrescaler                         0x0800de93   Thumb Code     6  stm32f4xx_tim.o(.text)
    TIM_UpdateDisableConfig                  0x0800de99   Thumb Code    24  stm32f4xx_tim.o(.text)
    TIM_UpdateRequestConfig                  0x0800deb1   Thumb Code    24  stm32f4xx_tim.o(.text)
    TIM_ARRPreloadConfig                     0x0800dec9   Thumb Code    24  stm32f4xx_tim.o(.text)
    TIM_SelectOnePulseMode                   0x0800dee1   Thumb Code    18  stm32f4xx_tim.o(.text)
    TIM_SetClockDivision                     0x0800def3   Thumb Code    18  stm32f4xx_tim.o(.text)
    TIM_Cmd                                  0x0800df05   Thumb Code    24  stm32f4xx_tim.o(.text)
    TIM_OC1Init                              0x0800df1d   Thumb Code   114  stm32f4xx_tim.o(.text)
    TIM_OC2Init                              0x0800df8f   Thumb Code   154  stm32f4xx_tim.o(.text)
    TIM_OC3Init                              0x0800e029   Thumb Code   204  stm32f4xx_tim.o(.text)
    TIM_OC4Init                              0x0800e0f5   Thumb Code   112  stm32f4xx_tim.o(.text)
    TIM_OCStructInit                         0x0800e165   Thumb Code    20  stm32f4xx_tim.o(.text)
    TIM_SelectOCxM                           0x0800e179   Thumb Code    86  stm32f4xx_tim.o(.text)
    TIM_SetCompare1                          0x0800e1cf   Thumb Code     4  stm32f4xx_tim.o(.text)
    TIM_SetCompare2                          0x0800e1d3   Thumb Code     4  stm32f4xx_tim.o(.text)
    TIM_SetCompare3                          0x0800e1d7   Thumb Code     4  stm32f4xx_tim.o(.text)
    TIM_SetCompare4                          0x0800e1db   Thumb Code     4  stm32f4xx_tim.o(.text)
    TIM_ForcedOC1Config                      0x0800e1df   Thumb Code    18  stm32f4xx_tim.o(.text)
    TIM_ForcedOC2Config                      0x0800e1f1   Thumb Code    26  stm32f4xx_tim.o(.text)
    TIM_ForcedOC3Config                      0x0800e20b   Thumb Code    18  stm32f4xx_tim.o(.text)
    TIM_ForcedOC4Config                      0x0800e21d   Thumb Code    26  stm32f4xx_tim.o(.text)
    TIM_OC1PreloadConfig                     0x0800e237   Thumb Code    18  stm32f4xx_tim.o(.text)
    TIM_OC2PreloadConfig                     0x0800e249   Thumb Code    26  stm32f4xx_tim.o(.text)
    TIM_OC3PreloadConfig                     0x0800e263   Thumb Code    18  stm32f4xx_tim.o(.text)
    TIM_OC4PreloadConfig                     0x0800e275   Thumb Code    26  stm32f4xx_tim.o(.text)
    TIM_OC1FastConfig                        0x0800e28f   Thumb Code    18  stm32f4xx_tim.o(.text)
    TIM_OC2FastConfig                        0x0800e2a1   Thumb Code    26  stm32f4xx_tim.o(.text)
    TIM_OC3FastConfig                        0x0800e2bb   Thumb Code    18  stm32f4xx_tim.o(.text)
    TIM_OC4FastConfig                        0x0800e2cd   Thumb Code    26  stm32f4xx_tim.o(.text)
    TIM_ClearOC1Ref                          0x0800e2e7   Thumb Code    18  stm32f4xx_tim.o(.text)
    TIM_ClearOC2Ref                          0x0800e2f9   Thumb Code    24  stm32f4xx_tim.o(.text)
    TIM_ClearOC3Ref                          0x0800e311   Thumb Code    18  stm32f4xx_tim.o(.text)
    TIM_ClearOC4Ref                          0x0800e323   Thumb Code    24  stm32f4xx_tim.o(.text)
    TIM_OC1PolarityConfig                    0x0800e33b   Thumb Code    18  stm32f4xx_tim.o(.text)
    TIM_OC1NPolarityConfig                   0x0800e34d   Thumb Code    18  stm32f4xx_tim.o(.text)
    TIM_OC2PolarityConfig                    0x0800e35f   Thumb Code    26  stm32f4xx_tim.o(.text)
    TIM_OC2NPolarityConfig                   0x0800e379   Thumb Code    26  stm32f4xx_tim.o(.text)
    TIM_OC3PolarityConfig                    0x0800e393   Thumb Code    26  stm32f4xx_tim.o(.text)
    TIM_OC3NPolarityConfig                   0x0800e3ad   Thumb Code    26  stm32f4xx_tim.o(.text)
    TIM_OC4PolarityConfig                    0x0800e3c7   Thumb Code    26  stm32f4xx_tim.o(.text)
    TIM_CCxCmd                               0x0800e3e1   Thumb Code    30  stm32f4xx_tim.o(.text)
    TIM_CCxNCmd                              0x0800e3ff   Thumb Code    30  stm32f4xx_tim.o(.text)
    TIM_SetIC4Prescaler                      0x0800e41d   Thumb Code    26  stm32f4xx_tim.o(.text)
    TIM_SetIC3Prescaler                      0x0800e487   Thumb Code    18  stm32f4xx_tim.o(.text)
    TIM_SetIC2Prescaler                      0x0800e4e1   Thumb Code    26  stm32f4xx_tim.o(.text)
    TIM_SetIC1Prescaler                      0x0800e555   Thumb Code    18  stm32f4xx_tim.o(.text)
    TIM_ICInit                               0x0800e5a1   Thumb Code   110  stm32f4xx_tim.o(.text)
    TIM_ICStructInit                         0x0800e60f   Thumb Code    18  stm32f4xx_tim.o(.text)
    TIM_PWMIConfig                           0x0800e621   Thumb Code   124  stm32f4xx_tim.o(.text)
    TIM_GetCapture1                          0x0800e69d   Thumb Code     6  stm32f4xx_tim.o(.text)
    TIM_GetCapture2                          0x0800e6a3   Thumb Code     6  stm32f4xx_tim.o(.text)
    TIM_GetCapture3                          0x0800e6a9   Thumb Code     6  stm32f4xx_tim.o(.text)
    TIM_GetCapture4                          0x0800e6af   Thumb Code     6  stm32f4xx_tim.o(.text)
    TIM_BDTRConfig                           0x0800e6b5   Thumb Code    32  stm32f4xx_tim.o(.text)
    TIM_BDTRStructInit                       0x0800e6d5   Thumb Code    18  stm32f4xx_tim.o(.text)
    TIM_CtrlPWMOutputs                       0x0800e6e7   Thumb Code    30  stm32f4xx_tim.o(.text)
    TIM_SelectCOM                            0x0800e705   Thumb Code    24  stm32f4xx_tim.o(.text)
    TIM_CCPreloadControl                     0x0800e71d   Thumb Code    24  stm32f4xx_tim.o(.text)
    TIM_ITConfig                             0x0800e735   Thumb Code    18  stm32f4xx_tim.o(.text)
    TIM_GenerateEvent                        0x0800e747   Thumb Code     4  stm32f4xx_tim.o(.text)
    TIM_GetFlagStatus                        0x0800e74b   Thumb Code    18  stm32f4xx_tim.o(.text)
    TIM_ClearFlag                            0x0800e75d   Thumb Code     6  stm32f4xx_tim.o(.text)
    TIM_GetITStatus                          0x0800e763   Thumb Code    34  stm32f4xx_tim.o(.text)
    TIM_ClearITPendingBit                    0x0800e785   Thumb Code     6  stm32f4xx_tim.o(.text)
    TIM_DMAConfig                            0x0800e78b   Thumb Code    10  stm32f4xx_tim.o(.text)
    TIM_DMACmd                               0x0800e795   Thumb Code    18  stm32f4xx_tim.o(.text)
    TIM_SelectCCDMA                          0x0800e7a7   Thumb Code    24  stm32f4xx_tim.o(.text)
    TIM_InternalClockConfig                  0x0800e7bf   Thumb Code    12  stm32f4xx_tim.o(.text)
    TIM_SelectInputTrigger                   0x0800e7cb   Thumb Code    18  stm32f4xx_tim.o(.text)
    TIM_ITRxExternalClockConfig              0x0800e7dd   Thumb Code    24  stm32f4xx_tim.o(.text)
    TIM_TIxExternalClockConfig               0x0800e7f5   Thumb Code    62  stm32f4xx_tim.o(.text)
    TIM_ETRConfig                            0x0800e833   Thumb Code    28  stm32f4xx_tim.o(.text)
    TIM_ETRClockMode1Config                  0x0800e84f   Thumb Code    54  stm32f4xx_tim.o(.text)
    TIM_ETRClockMode2Config                  0x0800e885   Thumb Code    32  stm32f4xx_tim.o(.text)
    TIM_SelectOutputTrigger                  0x0800e8a5   Thumb Code    18  stm32f4xx_tim.o(.text)
    TIM_SelectSlaveMode                      0x0800e8b7   Thumb Code    18  stm32f4xx_tim.o(.text)
    TIM_SelectMasterSlaveMode                0x0800e8c9   Thumb Code    18  stm32f4xx_tim.o(.text)
    TIM_EncoderInterfaceConfig               0x0800e8db   Thumb Code    66  stm32f4xx_tim.o(.text)
    TIM_SelectHallSensor                     0x0800e91d   Thumb Code    24  stm32f4xx_tim.o(.text)
    TIM_RemapConfig                          0x0800e935   Thumb Code     6  stm32f4xx_tim.o(.text)
    USART_DeInit                             0x0800e93d   Thumb Code   156  stm32f4xx_usart.o(.text)
    USART_Init                               0x0800e9d9   Thumb Code   204  stm32f4xx_usart.o(.text)
    USART_StructInit                         0x0800eaa5   Thumb Code    24  stm32f4xx_usart.o(.text)
    USART_ClockInit                          0x0800eabd   Thumb Code    32  stm32f4xx_usart.o(.text)
    USART_ClockStructInit                    0x0800eadd   Thumb Code    12  stm32f4xx_usart.o(.text)
    USART_Cmd                                0x0800eae9   Thumb Code    24  stm32f4xx_usart.o(.text)
    USART_SetPrescaler                       0x0800eb01   Thumb Code    16  stm32f4xx_usart.o(.text)
    USART_OverSampling8Cmd                   0x0800eb11   Thumb Code    22  stm32f4xx_usart.o(.text)
    USART_OneBitMethodCmd                    0x0800eb27   Thumb Code    24  stm32f4xx_usart.o(.text)
    USART_ClearFlag                          0x0800eb3f   Thumb Code    18  stm32f4xx_usart.o(.text)
    USART_GetFlagStatus                      0x0800eb51   Thumb Code    26  stm32f4xx_usart.o(.text)
    USART_SendData                           0x0800eb6b   Thumb Code    44  stm32f4xx_usart.o(.text)
    USART_ReceiveData                        0x0800eb97   Thumb Code    10  stm32f4xx_usart.o(.text)
    USART_SetAddress                         0x0800eba1   Thumb Code    18  stm32f4xx_usart.o(.text)
    USART_ReceiverWakeUpCmd                  0x0800ebb3   Thumb Code    24  stm32f4xx_usart.o(.text)
    USART_WakeUpConfig                       0x0800ebcb   Thumb Code    18  stm32f4xx_usart.o(.text)
    USART_LINBreakDetectLengthConfig         0x0800ebdd   Thumb Code    18  stm32f4xx_usart.o(.text)
    USART_LINCmd                             0x0800ebef   Thumb Code    24  stm32f4xx_usart.o(.text)
    USART_SendBreak                          0x0800ec07   Thumb Code    10  stm32f4xx_usart.o(.text)
    USART_HalfDuplexCmd                      0x0800ec11   Thumb Code    24  stm32f4xx_usart.o(.text)
    USART_SetGuardTime                       0x0800ec29   Thumb Code    16  stm32f4xx_usart.o(.text)
    USART_SmartCardCmd                       0x0800ec39   Thumb Code    24  stm32f4xx_usart.o(.text)
    USART_SmartCardNACKCmd                   0x0800ec51   Thumb Code    24  stm32f4xx_usart.o(.text)
    USART_IrDAConfig                         0x0800ec69   Thumb Code    18  stm32f4xx_usart.o(.text)
    USART_IrDACmd                            0x0800ec7b   Thumb Code    24  stm32f4xx_usart.o(.text)
    USART_DMACmd                             0x0800ec93   Thumb Code    18  stm32f4xx_usart.o(.text)
    USART_ITConfig                           0x0800eca5   Thumb Code    74  stm32f4xx_usart.o(.text)
    USART_GetITStatus                        0x0800ecef   Thumb Code   110  stm32f4xx_usart.o(.text)
    USART_ClearITPendingBit                  0x0800ed5d   Thumb Code    30  stm32f4xx_usart.o(.text)
    CAN_DeInit                               0x0800ed7d   Thumb Code    50  stm32f4xx_can.o(.text)
    CAN_Init                                 0x0800edaf   Thumb Code   276  stm32f4xx_can.o(.text)
    CAN_FilterInit                           0x0800eec3   Thumb Code   258  stm32f4xx_can.o(.text)
    CAN_StructInit                           0x0800efc5   Thumb Code    32  stm32f4xx_can.o(.text)
    CAN_SlaveStartBank                       0x0800efe5   Thumb Code    48  stm32f4xx_can.o(.text)
    CAN_DBGFreeze                            0x0800f015   Thumb Code    22  stm32f4xx_can.o(.text)
    CAN_TTComModeCmd                         0x0800f02b   Thumb Code   118  stm32f4xx_can.o(.text)
    CAN_Transmit                             0x0800f0a1   Thumb Code   304  stm32f4xx_can.o(.text)
    CAN_TransmitStatus                       0x0800f1d1   Thumb Code   138  stm32f4xx_can.o(.text)
    CAN_CancelTransmit                       0x0800f25b   Thumb Code    48  stm32f4xx_can.o(.text)
    CAN_Receive                              0x0800f28b   Thumb Code   240  stm32f4xx_can.o(.text)
    CAN_FIFORelease                          0x0800f37b   Thumb Code    22  stm32f4xx_can.o(.text)
    CAN_MessagePending                       0x0800f391   Thumb Code    30  stm32f4xx_can.o(.text)
    CAN_OperatingModeRequest                 0x0800f3af   Thumb Code   162  stm32f4xx_can.o(.text)
    CAN_Sleep                                0x0800f451   Thumb Code    30  stm32f4xx_can.o(.text)
    CAN_WakeUp                               0x0800f46f   Thumb Code    48  stm32f4xx_can.o(.text)
    CAN_GetLastErrorCode                     0x0800f49f   Thumb Code    12  stm32f4xx_can.o(.text)
    CAN_GetReceiveErrorCounter               0x0800f4ab   Thumb Code    10  stm32f4xx_can.o(.text)
    CAN_GetLSBTransmitErrorCounter           0x0800f4b5   Thumb Code    12  stm32f4xx_can.o(.text)
    CAN_ITConfig                             0x0800f4c1   Thumb Code    18  stm32f4xx_can.o(.text)
    CAN_GetFlagStatus                        0x0800f4d3   Thumb Code   120  stm32f4xx_can.o(.text)
    CAN_ClearFlag                            0x0800f54b   Thumb Code    52  stm32f4xx_can.o(.text)
    CAN_GetITStatus                          0x0800f591   Thumb Code   310  stm32f4xx_can.o(.text)
    CAN_ClearITPendingBit                    0x0800f6c7   Thumb Code   162  stm32f4xx_can.o(.text)
    DMA_DeInit                               0x0800f76d   Thumb Code   324  stm32f4xx_dma.o(.text)
    DMA_Init                                 0x0800f8b1   Thumb Code    82  stm32f4xx_dma.o(.text)
    DMA_StructInit                           0x0800f903   Thumb Code    34  stm32f4xx_dma.o(.text)
    DMA_Cmd                                  0x0800f925   Thumb Code    22  stm32f4xx_dma.o(.text)
    DMA_PeriphIncOffsetSizeConfig            0x0800f93b   Thumb Code    22  stm32f4xx_dma.o(.text)
    DMA_FlowControllerConfig                 0x0800f951   Thumb Code    22  stm32f4xx_dma.o(.text)
    DMA_SetCurrDataCounter                   0x0800f967   Thumb Code     4  stm32f4xx_dma.o(.text)
    DMA_GetCurrDataCounter                   0x0800f96b   Thumb Code     8  stm32f4xx_dma.o(.text)
    DMA_DoubleBufferModeConfig               0x0800f973   Thumb Code    24  stm32f4xx_dma.o(.text)
    DMA_DoubleBufferModeCmd                  0x0800f98b   Thumb Code    22  stm32f4xx_dma.o(.text)
    DMA_MemoryTargetConfig                   0x0800f9a1   Thumb Code    10  stm32f4xx_dma.o(.text)
    DMA_GetCurrentMemoryTarget               0x0800f9ab   Thumb Code    20  stm32f4xx_dma.o(.text)
    DMA_GetCmdStatus                         0x0800f9bf   Thumb Code    20  stm32f4xx_dma.o(.text)
    DMA_GetFIFOStatus                        0x0800f9d3   Thumb Code    12  stm32f4xx_dma.o(.text)
    DMA_GetFlagStatus                        0x0800f9df   Thumb Code    56  stm32f4xx_dma.o(.text)
    DMA_ClearFlag                            0x0800fa17   Thumb Code    40  stm32f4xx_dma.o(.text)
    DMA_ITConfig                             0x0800fa3f   Thumb Code    58  stm32f4xx_dma.o(.text)
    DMA_GetITStatus                          0x0800fa79   Thumb Code    84  stm32f4xx_dma.o(.text)
    DMA_ClearITPendingBit                    0x0800facd   Thumb Code    40  stm32f4xx_dma.o(.text)
    ADC_DeInit                               0x0800fb15   Thumb Code    22  stm32f4xx_adc.o(.text)
    ADC_Init                                 0x0800fb2b   Thumb Code    74  stm32f4xx_adc.o(.text)
    ADC_StructInit                           0x0800fb75   Thumb Code    20  stm32f4xx_adc.o(.text)
    ADC_CommonInit                           0x0800fb89   Thumb Code    34  stm32f4xx_adc.o(.text)
    ADC_CommonStructInit                     0x0800fbab   Thumb Code    12  stm32f4xx_adc.o(.text)
    ADC_Cmd                                  0x0800fbb7   Thumb Code    22  stm32f4xx_adc.o(.text)
    ADC_AnalogWatchdogCmd                    0x0800fbcd   Thumb Code    16  stm32f4xx_adc.o(.text)
    ADC_AnalogWatchdogThresholdsConfig       0x0800fbdd   Thumb Code     6  stm32f4xx_adc.o(.text)
    ADC_AnalogWatchdogSingleChannelConfig    0x0800fbe3   Thumb Code    16  stm32f4xx_adc.o(.text)
    ADC_TempSensorVrefintCmd                 0x0800fbf3   Thumb Code    34  stm32f4xx_adc.o(.text)
    ADC_VBATCmd                              0x0800fc15   Thumb Code    34  stm32f4xx_adc.o(.text)
    ADC_RegularChannelConfig                 0x0800fc37   Thumb Code   184  stm32f4xx_adc.o(.text)
    ADC_SoftwareStartConv                    0x0800fcef   Thumb Code    10  stm32f4xx_adc.o(.text)
    ADC_GetSoftwareStartConvStatus           0x0800fcf9   Thumb Code    20  stm32f4xx_adc.o(.text)
    ADC_EOCOnEachRegularChannelCmd           0x0800fd0d   Thumb Code    22  stm32f4xx_adc.o(.text)
    ADC_ContinuousModeCmd                    0x0800fd23   Thumb Code    22  stm32f4xx_adc.o(.text)
    ADC_DiscModeChannelCountConfig           0x0800fd39   Thumb Code    24  stm32f4xx_adc.o(.text)
    ADC_DiscModeCmd                          0x0800fd51   Thumb Code    22  stm32f4xx_adc.o(.text)
    ADC_GetConversionValue                   0x0800fd67   Thumb Code     8  stm32f4xx_adc.o(.text)
    ADC_GetMultiModeConversionValue          0x0800fd6f   Thumb Code     8  stm32f4xx_adc.o(.text)
    ADC_DMACmd                               0x0800fd77   Thumb Code    22  stm32f4xx_adc.o(.text)
    ADC_DMARequestAfterLastTransferCmd       0x0800fd8d   Thumb Code    22  stm32f4xx_adc.o(.text)
    ADC_MultiModeDMARequestAfterLastTransferCmd 0x0800fda3   Thumb Code    34  stm32f4xx_adc.o(.text)
    ADC_InjectedChannelConfig                0x0800fdc5   Thumb Code   130  stm32f4xx_adc.o(.text)
    ADC_InjectedSequencerLengthConfig        0x0800fe47   Thumb Code    24  stm32f4xx_adc.o(.text)
    ADC_SetInjectedOffset                    0x0800fe5f   Thumb Code    20  stm32f4xx_adc.o(.text)
    ADC_ExternalTrigInjectedConvConfig       0x0800fe73   Thumb Code    16  stm32f4xx_adc.o(.text)
    ADC_ExternalTrigInjectedConvEdgeConfig   0x0800fe83   Thumb Code    16  stm32f4xx_adc.o(.text)
    ADC_SoftwareStartInjectedConv            0x0800fe93   Thumb Code    10  stm32f4xx_adc.o(.text)
    ADC_GetSoftwareStartInjectedConvCmdStatus 0x0800fe9d   Thumb Code    20  stm32f4xx_adc.o(.text)
    ADC_AutoInjectedConvCmd                  0x0800feb1   Thumb Code    22  stm32f4xx_adc.o(.text)
    ADC_InjectedDiscModeCmd                  0x0800fec7   Thumb Code    22  stm32f4xx_adc.o(.text)
    ADC_GetInjectedConversionValue           0x0800fedd   Thumb Code    28  stm32f4xx_adc.o(.text)
    ADC_ITConfig                             0x0800fef9   Thumb Code    56  stm32f4xx_adc.o(.text)
    ADC_GetFlagStatus                        0x0800ff31   Thumb Code    18  stm32f4xx_adc.o(.text)
    ADC_ClearFlag                            0x0800ff43   Thumb Code     6  stm32f4xx_adc.o(.text)
    ADC_GetITStatus                          0x0800ff49   Thumb Code    38  stm32f4xx_adc.o(.text)
    ADC_ClearITPendingBit                    0x0800ff6f   Thumb Code    10  stm32f4xx_adc.o(.text)
    __aeabi_memcpy4                          0x0800ff79   Thumb Code     0  rt_memcpy_w.o(.text)
    __aeabi_memcpy8                          0x0800ff79   Thumb Code     0  rt_memcpy_w.o(.text)
    __rt_memcpy_w                            0x0800ff79   Thumb Code   100  rt_memcpy_w.o(.text)
    _memcpy_lastbytes_aligned                0x0800ffc1   Thumb Code     0  rt_memcpy_w.o(.text)
    __use_two_region_memory                  0x0800ffdd   Thumb Code     2  heapauxi.o(.text)
    __rt_heap_escrow$2region                 0x0800ffdf   Thumb Code     2  heapauxi.o(.text)
    __rt_heap_expand$2region                 0x0800ffe1   Thumb Code     2  heapauxi.o(.text)
    __read_errno                             0x0800ffe3   Thumb Code    10  _rserrno.o(.text)
    __set_errno                              0x0800ffed   Thumb Code    12  _rserrno.o(.text)
    __aeabi_errno_addr                       0x0800fff9   Thumb Code     8  rt_errno_addr_intlibspace.o(.text)
    __errno$intlibspace                      0x0800fff9   Thumb Code     0  rt_errno_addr_intlibspace.o(.text)
    __rt_errno_addr$intlibspace              0x0800fff9   Thumb Code     0  rt_errno_addr_intlibspace.o(.text)
    __user_libspace                          0x08010001   Thumb Code     8  libspace.o(.text)
    __user_perproc_libspace                  0x08010001   Thumb Code     0  libspace.o(.text)
    __user_perthread_libspace                0x08010001   Thumb Code     0  libspace.o(.text)
    __user_setup_stackheap                   0x08010009   Thumb Code    74  sys_stackheap_outer.o(.text)
    exit                                     0x08010053   Thumb Code    12  exit.o(.text)
    _sys_exit                                0x08010061   Thumb Code     8  sys_exit.o(.text)
    __I$use$semihosting                      0x0801006d   Thumb Code     0  use_no_semi.o(.text)
    __use_no_semihosting_swi                 0x0801006d   Thumb Code     2  use_no_semi.o(.text)
    __ARM_fpclassify                         0x0801006f   Thumb Code    48  fpclassify.o(i.__ARM_fpclassify)
    __semihosting_library_function           0x0801006f   Thumb Code     0  indicate_semi.o(.text)
    __hardfp_acos                            0x080100a1   Thumb Code   738  acos.o(i.__hardfp_acos)
    __hardfp_asin                            0x080103f9   Thumb Code   770  asin.o(i.__hardfp_asin)
    __hardfp_cos                             0x08010759   Thumb Code   180  cos.o(i.__hardfp_cos)
    __hardfp_fabs                            0x08010821   Thumb Code    20  fabs.o(i.__hardfp_fabs)
    __hardfp_pow                             0x08010839   Thumb Code  3044  pow.o(i.__hardfp_pow)
    __hardfp_sin                             0x08011471   Thumb Code   180  sin.o(i.__hardfp_sin)
    __hardfp_sqrt                            0x08011539   Thumb Code   122  sqrt.o(i.__hardfp_sqrt)
    __hardfp_tan                             0x080115b9   Thumb Code   108  tan.o(i.__hardfp_tan)
    __ieee754_rem_pio2                       0x08011639   Thumb Code   938  rred.o(i.__ieee754_rem_pio2)
    __kernel_cos                             0x08011a71   Thumb Code   322  cos_i.o(i.__kernel_cos)
    __kernel_poly                            0x08011be1   Thumb Code   248  poly.o(i.__kernel_poly)
    __kernel_sin                             0x08011cd9   Thumb Code   280  sin_i.o(i.__kernel_sin)
    __kernel_tan                             0x08011e09   Thumb Code   764  tan_i.o(i.__kernel_tan)
    __mathlib_dbl_divzero                    0x08012159   Thumb Code    28  dunder.o(i.__mathlib_dbl_divzero)
    __mathlib_dbl_infnan                     0x08012189   Thumb Code    20  dunder.o(i.__mathlib_dbl_infnan)
    __mathlib_dbl_infnan2                    0x0801219d   Thumb Code    20  dunder.o(i.__mathlib_dbl_infnan2)
    __mathlib_dbl_invalid                    0x080121b1   Thumb Code    24  dunder.o(i.__mathlib_dbl_invalid)
    __mathlib_dbl_overflow                   0x080121d1   Thumb Code    24  dunder.o(i.__mathlib_dbl_overflow)
    __mathlib_dbl_underflow                  0x080121f1   Thumb Code    24  dunder.o(i.__mathlib_dbl_underflow)
    fabs                                     0x08012211   Thumb Code    24  fabs.o(i.fabs)
    sqrt                                     0x08012229   Thumb Code   110  sqrt.o(i.sqrt)
    __aeabi_dneg                             0x08012297   Thumb Code     0  basic.o(x$fpl$basic)
    _dneg                                    0x08012297   Thumb Code     6  basic.o(x$fpl$basic)
    __aeabi_fneg                             0x0801229d   Thumb Code     0  basic.o(x$fpl$basic)
    _fneg                                    0x0801229d   Thumb Code     6  basic.o(x$fpl$basic)
    _dabs                                    0x080122a3   Thumb Code     6  basic.o(x$fpl$basic)
    _fabs                                    0x080122a9   Thumb Code     6  basic.o(x$fpl$basic)
    __aeabi_d2f                              0x080122b1   Thumb Code     0  d2f.o(x$fpl$d2f)
    _d2f                                     0x080122b1   Thumb Code    98  d2f.o(x$fpl$d2f)
    __aeabi_dadd                             0x08012315   Thumb Code     0  daddsub_clz.o(x$fpl$dadd)
    _dadd                                    0x08012315   Thumb Code   332  daddsub_clz.o(x$fpl$dadd)
    __fpl_dcheck_NaN1                        0x08012465   Thumb Code    10  dcheck1.o(x$fpl$dcheck1)
    __fpl_dcmp_Inf                           0x08012475   Thumb Code    24  dcmpi.o(x$fpl$dcmpinf)
    __aeabi_ddiv                             0x0801248d   Thumb Code     0  ddiv.o(x$fpl$ddiv)
    _ddiv                                    0x0801248d   Thumb Code   552  ddiv.o(x$fpl$ddiv)
    __aeabi_d2iz                             0x0801273d   Thumb Code     0  dfix.o(x$fpl$dfix)
    _dfix                                    0x0801273d   Thumb Code    94  dfix.o(x$fpl$dfix)
    __aeabi_i2d                              0x0801279b   Thumb Code     0  dflt_clz.o(x$fpl$dflt)
    _dflt                                    0x0801279b   Thumb Code    46  dflt_clz.o(x$fpl$dflt)
    __aeabi_ui2d                             0x080127c9   Thumb Code     0  dflt_clz.o(x$fpl$dfltu)
    _dfltu                                   0x080127c9   Thumb Code    38  dflt_clz.o(x$fpl$dfltu)
    __aeabi_cdcmple                          0x080127f1   Thumb Code     0  dleqf.o(x$fpl$dleqf)
    _dcmple                                  0x080127f1   Thumb Code   120  dleqf.o(x$fpl$dleqf)
    __fpl_dcmple_InfNaN                      0x08012853   Thumb Code     0  dleqf.o(x$fpl$dleqf)
    __aeabi_dmul                             0x08012869   Thumb Code     0  dmul.o(x$fpl$dmul)
    _dmul                                    0x08012869   Thumb Code   332  dmul.o(x$fpl$dmul)
    __fpl_dnaninf                            0x080129bd   Thumb Code   156  dnaninf.o(x$fpl$dnaninf)
    __fpl_dretinf                            0x08012a59   Thumb Code    12  dretinf.o(x$fpl$dretinf)
    __aeabi_cdrcmple                         0x08012a65   Thumb Code     0  drleqf.o(x$fpl$drleqf)
    _drcmple                                 0x08012a65   Thumb Code   108  drleqf.o(x$fpl$drleqf)
    __aeabi_drsub                            0x08012ad1   Thumb Code     0  daddsub_clz.o(x$fpl$drsb)
    _drsb                                    0x08012ad1   Thumb Code    22  daddsub_clz.o(x$fpl$drsb)
    _dsqrt                                   0x08012ae9   Thumb Code   404  dsqrt_umaal.o(x$fpl$dsqrt)
    __aeabi_dsub                             0x08012c81   Thumb Code     0  daddsub_clz.o(x$fpl$dsub)
    _dsub                                    0x08012c81   Thumb Code   464  daddsub_clz.o(x$fpl$dsub)
    __aeabi_f2d                              0x08012e55   Thumb Code     0  f2d.o(x$fpl$f2d)
    _f2d                                     0x08012e55   Thumb Code    86  f2d.o(x$fpl$f2d)
    __fpl_fnaninf                            0x08012eab   Thumb Code   140  fnaninf.o(x$fpl$fnaninf)
    _fp_init                                 0x08012f37   Thumb Code    10  fpinit.o(x$fpl$fpinit)
    __fplib_config_fpu_vfp                   0x08012f3f   Thumb Code     0  fpinit.o(x$fpl$fpinit)
    __fplib_config_pureend_doubles           0x08012f3f   Thumb Code     0  fpinit.o(x$fpl$fpinit)
    __fpl_fretinf                            0x08012f41   Thumb Code    10  fretinf.o(x$fpl$fretinf)
    __fpl_return_NaN                         0x08012f4b   Thumb Code   100  retnan.o(x$fpl$retnan)
    __ARM_scalbn                             0x08012faf   Thumb Code    92  scalbn.o(x$fpl$scalbn)
    __fpl_cmpreturn                          0x0801300b   Thumb Code    48  trapv.o(x$fpl$trapveneer)
    __I$use$fp                               0x0801303a   Number         0  usenofp.o(x$fpl$usenofp)
    OSDebugEn                                0x08013144   Data           2  os_dbg.o(.constdata)
    OSEndiannessTest                         0x08013148   Data           4  os_dbg.o(.constdata)
    OSEventEn                                0x0801314c   Data           2  os_dbg.o(.constdata)
    OSEventMax                               0x0801314e   Data           2  os_dbg.o(.constdata)
    OSEventNameEn                            0x08013150   Data           2  os_dbg.o(.constdata)
    OSEventSize                              0x08013152   Data           2  os_dbg.o(.constdata)
    OSEventTblSize                           0x08013154   Data           2  os_dbg.o(.constdata)
    OSEventMultiEn                           0x08013156   Data           2  os_dbg.o(.constdata)
    OSFlagEn                                 0x08013158   Data           2  os_dbg.o(.constdata)
    OSFlagGrpSize                            0x0801315a   Data           2  os_dbg.o(.constdata)
    OSFlagNodeSize                           0x0801315c   Data           2  os_dbg.o(.constdata)
    OSFlagWidth                              0x0801315e   Data           2  os_dbg.o(.constdata)
    OSFlagMax                                0x08013160   Data           2  os_dbg.o(.constdata)
    OSFlagNameEn                             0x08013162   Data           2  os_dbg.o(.constdata)
    OSLowestPrio                             0x08013164   Data           2  os_dbg.o(.constdata)
    OSMboxEn                                 0x08013166   Data           2  os_dbg.o(.constdata)
    OSMemEn                                  0x08013168   Data           2  os_dbg.o(.constdata)
    OSMemMax                                 0x0801316a   Data           2  os_dbg.o(.constdata)
    OSMemNameEn                              0x0801316c   Data           2  os_dbg.o(.constdata)
    OSMemSize                                0x0801316e   Data           2  os_dbg.o(.constdata)
    OSMemTblSize                             0x08013170   Data           2  os_dbg.o(.constdata)
    OSMutexEn                                0x08013172   Data           2  os_dbg.o(.constdata)
    OSPtrSize                                0x08013174   Data           2  os_dbg.o(.constdata)
    OSQEn                                    0x08013176   Data           2  os_dbg.o(.constdata)
    OSQMax                                   0x08013178   Data           2  os_dbg.o(.constdata)
    OSQSize                                  0x0801317a   Data           2  os_dbg.o(.constdata)
    OSRdyTblSize                             0x0801317c   Data           2  os_dbg.o(.constdata)
    OSSemEn                                  0x0801317e   Data           2  os_dbg.o(.constdata)
    OSStkWidth                               0x08013180   Data           2  os_dbg.o(.constdata)
    OSTaskCreateEn                           0x08013182   Data           2  os_dbg.o(.constdata)
    OSTaskCreateExtEn                        0x08013184   Data           2  os_dbg.o(.constdata)
    OSTaskDelEn                              0x08013186   Data           2  os_dbg.o(.constdata)
    OSTaskIdleStkSize                        0x08013188   Data           2  os_dbg.o(.constdata)
    OSTaskProfileEn                          0x0801318a   Data           2  os_dbg.o(.constdata)
    OSTaskMax                                0x0801318c   Data           2  os_dbg.o(.constdata)
    OSTaskNameEn                             0x0801318e   Data           2  os_dbg.o(.constdata)
    OSTaskStatEn                             0x08013190   Data           2  os_dbg.o(.constdata)
    OSTaskStatStkSize                        0x08013192   Data           2  os_dbg.o(.constdata)
    OSTaskStatStkChkEn                       0x08013194   Data           2  os_dbg.o(.constdata)
    OSTaskSwHookEn                           0x08013196   Data           2  os_dbg.o(.constdata)
    OSTaskRegTblSize                         0x08013198   Data           2  os_dbg.o(.constdata)
    OSTCBPrioTblMax                          0x0801319a   Data           2  os_dbg.o(.constdata)
    OSTCBSize                                0x0801319c   Data           2  os_dbg.o(.constdata)
    OSTicksPerSec                            0x0801319e   Data           2  os_dbg.o(.constdata)
    OSTimeTickHookEn                         0x080131a0   Data           2  os_dbg.o(.constdata)
    OSVersionNbr                             0x080131a2   Data           2  os_dbg.o(.constdata)
    OSTmrEn                                  0x080131a4   Data           2  os_dbg.o(.constdata)
    OSTmrCfgMax                              0x080131a6   Data           2  os_dbg.o(.constdata)
    OSTmrCfgNameEn                           0x080131a8   Data           2  os_dbg.o(.constdata)
    OSTmrCfgWheelSize                        0x080131aa   Data           2  os_dbg.o(.constdata)
    OSTmrCfgTicksPerSec                      0x080131ac   Data           2  os_dbg.o(.constdata)
    OSTmrSize                                0x080131ae   Data           2  os_dbg.o(.constdata)
    OSTmrTblSize                             0x080131b0   Data           2  os_dbg.o(.constdata)
    OSTmrWheelSize                           0x080131b2   Data           2  os_dbg.o(.constdata)
    OSTmrWheelTblSize                        0x080131b4   Data           2  os_dbg.o(.constdata)
    OSDataSize                               0x080131b6   Data           2  os_dbg.o(.constdata)
    OSUnMapTbl                               0x080131b8   Data         256  os_core.o(.constdata)
    __mathlib_zero                           0x08013410   Data           8  qnan.o(.constdata)
    Region$$Table$$Base                      0x08013568   Number         0  anon$$obj.o(Region$$Table)
    Region$$Table$$Limit                     0x08013588   Number         0  anon$$obj.o(Region$$Table)
    receiveCount                             0x20000000   Data           4  stm32f4xx_it.o(.data)
    iii                                      0x20000004   Data           4  stm32f4xx_it.o(.data)
    pos_x                                    0x20000008   Data           4  stm32f4xx_it.o(.data)
    pos_y                                    0x2000000c   Data           4  stm32f4xx_it.o(.data)
    zangle                                   0x20000010   Data           4  stm32f4xx_it.o(.data)
    txdata                                   0x2000002a   Data           2  can.o(.data)
    array                                    0x20000044   Data           8  cylinder.o(.data)
    PeriodSem                                0x2000004c   Data           4  task.o(.data)
    CalculateSem                             0x20000050   Data           4  task.o(.data)
    DebugSem                                 0x20000054   Data           4  task.o(.data)
    status                                   0x20000058   Data           1  task.o(.data)
    timeflag                                 0x2000005c   Data           4  task.o(.data)
    timenumber                               0x20000060   Data           4  task.o(.data)
    laser_flag                               0x20000064   Data           1  task.o(.data)
    debug_start_flag                         0x20000065   Data           1  task.o(.data)
    debug_char_flag                          0x20000066   Data           1  task.o(.data)
    debug_flag                               0x20000067   Data           1  task.o(.data)
    debug_time_flag                          0x20000068   Data           1  task.o(.data)
    debug_Actvelx                            0x2000006c   Data           4  task.o(.data)
    debug_Actvely                            0x20000070   Data           4  task.o(.data)
    debug_errCla                             0x20000074   Data           3  task.o(.data)
    debug_errcCla                            0x20000077   Data           3  task.o(.data)
    debug_data_number                        0x2000007a   Data           1  task.o(.data)
    debug_graph_number                       0x2000007b   Data           1  task.o(.data)
    debug_BLUE_time                          0x2000007c   Data           1  task.o(.data)
    debug_encoderl                           0x20000080   Data           4  task.o(.data)
    debug_encoderr                           0x20000084   Data           4  task.o(.data)
    debug_windspeed                          0x20000088   Data           4  task.o(.data)
    debug_ecoPosY                            0x2000008c   Data           4  task.o(.data)
    debug_ecoPosX                            0x20000090   Data           4  task.o(.data)
    debug_accurateLaser                      0x20000094   Data           4  task.o(.data)
    debug_switch                             0x20000098   Data           2  task.o(.data)
    debug_high_light                         0x2000009a   Data           1  task.o(.data)
    SystemCoreClock                          0x2000019c   Data           4  system_stm32f4xx.o(.data)
    AHBPrescTable                            0x200001a0   Data          16  system_stm32f4xx.o(.data)
    OS_CPU_ExceptStkBase                     0x200001b0   Data           4  os_cpu_c.o(.data)
    OSCtxSwCtr                               0x200001b8   Data           4  os_core.o(.data)
    OSEventFreeList                          0x200001bc   Data           4  os_core.o(.data)
    OSFlagFreeList                           0x200001c0   Data           4  os_core.o(.data)
    OSCPUUsage                               0x200001c4   Data           1  os_core.o(.data)
    OSIdleCtrMax                             0x200001c8   Data           4  os_core.o(.data)
    OSIdleCtrRun                             0x200001cc   Data           4  os_core.o(.data)
    OSStatRdy                                0x200001d0   Data           1  os_core.o(.data)
    OSIntNesting                             0x200001d1   Data           1  os_core.o(.data)
    OSLockNesting                            0x200001d2   Data           1  os_core.o(.data)
    OSPrioCur                                0x200001d3   Data           1  os_core.o(.data)
    OSPrioHighRdy                            0x200001d4   Data           1  os_core.o(.data)
    OSRdyGrp                                 0x200001d5   Data           1  os_core.o(.data)
    OSRdyTbl                                 0x200001d6   Data           8  os_core.o(.data)
    OSRunning                                0x200001de   Data           1  os_core.o(.data)
    OSTaskCtr                                0x200001df   Data           1  os_core.o(.data)
    OSIdleCtr                                0x200001e0   Data           4  os_core.o(.data)
    OSTCBCur                                 0x200001e4   Data           4  os_core.o(.data)
    OSTCBFreeList                            0x200001e8   Data           4  os_core.o(.data)
    OSTCBHighRdy                             0x200001ec   Data           4  os_core.o(.data)
    OSTCBList                                0x200001f0   Data           4  os_core.o(.data)
    OSTickStepState                          0x200001f4   Data           1  os_core.o(.data)
    OSMemFreeList                            0x200001f8   Data           4  os_core.o(.data)
    OSQFreeList                              0x200001fc   Data           4  os_core.o(.data)
    OSTime                                   0x20000200   Data           4  os_core.o(.data)
    OSTmrFree                                0x20000204   Data           2  os_core.o(.data)
    OSTmrUsed                                0x20000206   Data           2  os_core.o(.data)
    OSTmrTime                                0x20000208   Data           4  os_core.o(.data)
    OSTmrSem                                 0x2000020c   Data           4  os_core.o(.data)
    OSTmrSemSignal                           0x20000210   Data           4  os_core.o(.data)
    OSTmrFreeList                            0x20000214   Data           4  os_core.o(.data)
    debug_tagVel                             0x20003a90   Data          24  task.o(.bss)
    debug_actVel                             0x20003aa8   Data          24  task.o(.bss)
    debug_Err                                0x20003ac0   Data          12  task.o(.bss)
    debug_change                             0x20003acc   Data          12  task.o(.bss)
    debug_pidPos                             0x20003ad8   Data          12  task.o(.bss)
    debug_pidAng                             0x20003ae4   Data          12  task.o(.bss)
    debug_pidAcv                             0x20003af0   Data          12  task.o(.bss)
    debug_time                               0x20003afc   Data          16  task.o(.bss)
    debug_current                            0x20003b0c   Data          24  task.o(.bss)
    OS_CPU_ExceptStk                         0x20003c24   Data         512  os_cpu_c.o(.bss)
    OSEventTbl                               0x20003e24   Data        1440  os_core.o(.bss)
    OSFlagTbl                                0x200043c4   Data          80  os_core.o(.bss)
    OSTaskStatStk                            0x20004414   Data         512  os_core.o(.bss)
    OSTaskIdleStk                            0x20004614   Data         512  os_core.o(.bss)
    OSTCBPrioTbl                             0x20004814   Data         256  os_core.o(.bss)
    OSTCBTbl                                 0x20004914   Data        2816  os_core.o(.bss)
    OSMemTbl                                 0x20005414   Data         120  os_core.o(.bss)
    OSQTbl                                   0x2000548c   Data          96  os_core.o(.bss)
    OSTmrTbl                                 0x200054ec   Data         640  os_core.o(.bss)
    OSTmrTaskStk                             0x2000576c   Data         512  os_core.o(.bss)
    OSTmrWheelTbl                            0x2000596c   Data          64  os_core.o(.bss)
    __libspace_start                         0x200059ac   Data          96  libspace.o(.bss)
    __temporary_stack_top$libspace           0x20005a0c   Data           0  libspace.o(.bss)



==============================================================================

Memory Map of the image

  Image Entry point : 0x08009a95

  Load Region LR_1 (Base: 0x08000000, Size: 0x000137b0, Max: 0xffffffff, ABSOLUTE, COMPRESSED[0x000135b8])

    Execution Region ER_RO (Base: 0x08000000, Size: 0x00013588, Max: 0xffffffff, ABSOLUTE)

    Base Addr    Size         Type   Attr      Idx    E Section Name        Object

    0x08000000   0x00000188   Data   RO          582    RESET               startup_stm32f4xx.o
    0x08000188   0x00000008   Code   RO          995  * !!!main             c_w.l(__main.o)
    0x08000190   0x00000034   Code   RO         1348    !!!scatter          c_w.l(__scatter.o)
    0x080001c4   0x0000005a   Code   RO         1346    !!dczerorl2         c_w.l(__dczerorl2.o)
    0x0800021e   0x00000002   PAD
    0x08000220   0x0000001c   Code   RO         1350    !!handler_zi        c_w.l(__scatter_zi.o)
    0x0800023c   0x00000002   Code   RO         1216    .ARM.Collect$$libinit$$00000000  c_w.l(libinit.o)
    0x0800023e   0x00000004   Code   RO         1221    .ARM.Collect$$libinit$$00000001  c_w.l(libinit2.o)
    0x08000242   0x00000000   Code   RO         1224    .ARM.Collect$$libinit$$00000004  c_w.l(libinit2.o)
    0x08000242   0x00000000   Code   RO         1227    .ARM.Collect$$libinit$$0000000A  c_w.l(libinit2.o)
    0x08000242   0x00000000   Code   RO         1229    .ARM.Collect$$libinit$$0000000C  c_w.l(libinit2.o)
    0x08000242   0x00000000   Code   RO         1231    .ARM.Collect$$libinit$$0000000E  c_w.l(libinit2.o)
    0x08000242   0x00000000   Code   RO         1234    .ARM.Collect$$libinit$$00000011  c_w.l(libinit2.o)
    0x08000242   0x00000000   Code   RO         1236    .ARM.Collect$$libinit$$00000013  c_w.l(libinit2.o)
    0x08000242   0x00000000   Code   RO         1238    .ARM.Collect$$libinit$$00000015  c_w.l(libinit2.o)
    0x08000242   0x00000000   Code   RO         1240    .ARM.Collect$$libinit$$00000017  c_w.l(libinit2.o)
    0x08000242   0x00000000   Code   RO         1242    .ARM.Collect$$libinit$$00000019  c_w.l(libinit2.o)
    0x08000242   0x00000000   Code   RO         1244    .ARM.Collect$$libinit$$0000001B  c_w.l(libinit2.o)
    0x08000242   0x00000000   Code   RO         1246    .ARM.Collect$$libinit$$0000001D  c_w.l(libinit2.o)
    0x08000242   0x00000000   Code   RO         1248    .ARM.Collect$$libinit$$0000001F  c_w.l(libinit2.o)
    0x08000242   0x00000000   Code   RO         1250    .ARM.Collect$$libinit$$00000021  c_w.l(libinit2.o)
    0x08000242   0x00000000   Code   RO         1252    .ARM.Collect$$libinit$$00000023  c_w.l(libinit2.o)
    0x08000242   0x00000000   Code   RO         1254    .ARM.Collect$$libinit$$00000025  c_w.l(libinit2.o)
    0x08000242   0x00000000   Code   RO         1258    .ARM.Collect$$libinit$$0000002C  c_w.l(libinit2.o)
    0x08000242   0x00000000   Code   RO         1260    .ARM.Collect$$libinit$$0000002E  c_w.l(libinit2.o)
    0x08000242   0x00000000   Code   RO         1262    .ARM.Collect$$libinit$$00000030  c_w.l(libinit2.o)
    0x08000242   0x00000000   Code   RO         1264    .ARM.Collect$$libinit$$00000032  c_w.l(libinit2.o)
    0x08000242   0x00000002   Code   RO         1265    .ARM.Collect$$libinit$$00000033  c_w.l(libinit2.o)
    0x08000244   0x00000002   Code   RO         1287    .ARM.Collect$$libshutdown$$00000000  c_w.l(libshutdown.o)
    0x08000246   0x00000000   Code   RO         1301    .ARM.Collect$$libshutdown$$00000003  c_w.l(libshutdown2.o)
    0x08000246   0x00000000   Code   RO         1304    .ARM.Collect$$libshutdown$$00000006  c_w.l(libshutdown2.o)
    0x08000246   0x00000000   Code   RO         1307    .ARM.Collect$$libshutdown$$00000009  c_w.l(libshutdown2.o)
    0x08000246   0x00000000   Code   RO         1309    .ARM.Collect$$libshutdown$$0000000B  c_w.l(libshutdown2.o)
    0x08000246   0x00000000   Code   RO         1312    .ARM.Collect$$libshutdown$$0000000E  c_w.l(libshutdown2.o)
    0x08000246   0x00000002   Code   RO         1313    .ARM.Collect$$libshutdown$$0000000F  c_w.l(libshutdown2.o)
    0x08000248   0x00000000   Code   RO         1125    .ARM.Collect$$rtentry$$00000000  c_w.l(__rtentry.o)
    0x08000248   0x00000000   Code   RO         1183    .ARM.Collect$$rtentry$$00000002  c_w.l(__rtentry2.o)
    0x08000248   0x00000006   Code   RO         1195    .ARM.Collect$$rtentry$$00000004  c_w.l(__rtentry4.o)
    0x0800024e   0x00000000   Code   RO         1185    .ARM.Collect$$rtentry$$00000009  c_w.l(__rtentry2.o)
    0x0800024e   0x00000004   Code   RO         1186    .ARM.Collect$$rtentry$$0000000A  c_w.l(__rtentry2.o)
    0x08000252   0x00000000   Code   RO         1188    .ARM.Collect$$rtentry$$0000000C  c_w.l(__rtentry2.o)
    0x08000252   0x00000008   Code   RO         1189    .ARM.Collect$$rtentry$$0000000D  c_w.l(__rtentry2.o)
    0x0800025a   0x00000002   Code   RO         1219    .ARM.Collect$$rtexit$$00000000  c_w.l(rtexit.o)
    0x0800025c   0x00000000   Code   RO         1269    .ARM.Collect$$rtexit$$00000002  c_w.l(rtexit2.o)
    0x0800025c   0x00000004   Code   RO         1270    .ARM.Collect$$rtexit$$00000003  c_w.l(rtexit2.o)
    0x08000260   0x00000006   Code   RO         1271    .ARM.Collect$$rtexit$$00000004  c_w.l(rtexit2.o)
    0x08000266   0x00000002   PAD
    0x08000268   0x00000074   Code   RO            3    .text               main.o
    0x080002dc   0x00000788   Code   RO           98    .text               timer.o
    0x08000a64   0x00000a00   Code   RO          133    .text               stm32f4xx_it.o
    0x08001464   0x00000198   Code   RO          203    .text               gpio.o
    0x080015fc   0x00000aa0   Code   RO          223    .text               usart.o
    0x0800209c   0x00000630   Code   RO          252    .text               elmo.o
    0x080026cc   0x000004a8   Code   RO          273    .text               can.o
    0x08002b74   0x00000364   Code   RO          296    .text               adc.o
    0x08002ed8   0x00000200   Code   RO          325    .text               cylinder.o
    0x080030d8   0x00001cdc   Code   RO          351    .text               task.o
    0x08004db4   0x00000170   Code   RO          384    .text               robs.o
    0x08004f24   0x000009fc   Code   RO          407    .text               walk.o
    0x08005920   0x00000598   Code   RO          430    .text               get_set.o
    0x08005eb8   0x000003b4   Code   RO          451    .text               action_math.o
    0x0800626c   0x0000232c   Code   RO          465    .text               fuzzypid.o
    0x08008598   0x00000b70   Code   RO          489    .text               track.o
    0x08009108   0x0000070c   Code   RO          512    .text               debug.o
    0x08009814   0x00000070   Code   RO          533    .text               selfcheck.o
    0x08009884   0x00000210   Code   RO          556    .text               system_stm32f4xx.o
    0x08009a94   0x00000050   Code   RO          583  * .text               startup_stm32f4xx.o
    0x08009ae4   0x000002c8   Code   RO          589    .text               os_cpu_c.o
    0x08009dac   0x000000b8   Code   RO          618    .text               os_cpu_a.o
    0x08009e64   0x0000015c   Code   RO          621    .text               os_dbg.o
    0x08009fc0   0x00000d50   Code   RO          636    .text               os_core.o
    0x0800ad10   0x00000864   Code   RO          656    .text               os_flag.o
    0x0800b574   0x00000258   Code   RO          680    .text               os_mem.o
    0x0800b7cc   0x00000654   Code   RO          704    .text               os_q.o
    0x0800be20   0x000003e0   Code   RO          716    .text               os_sem.o
    0x0800c200   0x0000090c   Code   RO          728    .text               os_task.o
    0x0800cb0c   0x000001d4   Code   RO          740    .text               os_time.o
    0x0800cce0   0x000006e0   Code   RO          752    .text               os_tmr.o
    0x0800d3c0   0x00000012   Code   RO          766    .text               os_apphooks.o
    0x0800d3d2   0x00000002   PAD
    0x0800d3d4   0x0000025c   Code   RO          786    .text               stm32f4xx_gpio.o
    0x0800d630   0x00000588   Code   RO          806    .text               stm32f4xx_rcc.o
    0x0800dbb8   0x000000e0   Code   RO          828    .text               misc.o
    0x0800dc98   0x00000ca2   Code   RO          848    .text               stm32f4xx_tim.o
    0x0800e93a   0x00000002   PAD
    0x0800e93c   0x0000043e   Code   RO          868    .text               stm32f4xx_usart.o
    0x0800ed7a   0x00000002   PAD
    0x0800ed7c   0x000009f0   Code   RO          888    .text               stm32f4xx_can.o
    0x0800f76c   0x000003a8   Code   RO          908    .text               stm32f4xx_dma.o
    0x0800fb14   0x00000464   Code   RO          971    .text               stm32f4xx_adc.o
    0x0800ff78   0x00000064   Code   RO          991    .text               c_w.l(rt_memcpy_w.o)
    0x0800ffdc   0x00000006   Code   RO          993    .text               c_w.l(heapauxi.o)
    0x0800ffe2   0x00000016   Code   RO         1126    .text               c_w.l(_rserrno.o)
    0x0800fff8   0x00000008   Code   RO         1200    .text               c_w.l(rt_errno_addr_intlibspace.o)
    0x08010000   0x00000008   Code   RO         1204    .text               c_w.l(libspace.o)
    0x08010008   0x0000004a   Code   RO         1207    .text               c_w.l(sys_stackheap_outer.o)
    0x08010052   0x0000000c   Code   RO         1209    .text               c_w.l(exit.o)
    0x0801005e   0x00000002   PAD
    0x08010060   0x0000000c   Code   RO         1279    .text               c_w.l(sys_exit.o)
    0x0801006c   0x00000002   Code   RO         1290    .text               c_w.l(use_no_semi.o)
    0x0801006e   0x00000000   Code   RO         1292    .text               c_w.l(indicate_semi.o)
    0x0801006e   0x00000030   Code   RO         1160    i.__ARM_fpclassify  m_wm.l(fpclassify.o)
    0x0801009e   0x00000002   PAD
    0x080100a0   0x00000358   Code   RO         1029    i.__hardfp_acos     m_wm.l(acos.o)
    0x080103f8   0x00000360   Code   RO         1043    i.__hardfp_asin     m_wm.l(asin.o)
    0x08010758   0x000000c8   Code   RO         1057    i.__hardfp_cos      m_wm.l(cos.o)
    0x08010820   0x00000014   Code   RO         1069    i.__hardfp_fabs     m_wm.l(fabs.o)
    0x08010834   0x00000004   PAD
    0x08010838   0x00000c38   Code   RO         1075    i.__hardfp_pow      m_wm.l(pow.o)
    0x08011470   0x000000c8   Code   RO         1089    i.__hardfp_sin      m_wm.l(sin.o)
    0x08011538   0x0000007a   Code   RO         1101    i.__hardfp_sqrt     m_wm.l(sqrt.o)
    0x080115b2   0x00000006   PAD
    0x080115b8   0x00000080   Code   RO         1113    i.__hardfp_tan      m_wm.l(tan.o)
    0x08011638   0x00000438   Code   RO         1165    i.__ieee754_rem_pio2  m_wm.l(rred.o)
    0x08011a70   0x00000170   Code   RO         1143    i.__kernel_cos      m_wm.l(cos_i.o)
    0x08011be0   0x000000f8   Code   RO         1162    i.__kernel_poly     m_wm.l(poly.o)
    0x08011cd8   0x00000130   Code   RO         1170    i.__kernel_sin      m_wm.l(sin_i.o)
    0x08011e08   0x00000350   Code   RO         1176    i.__kernel_tan      m_wm.l(tan_i.o)
    0x08012158   0x00000030   Code   RO         1146    i.__mathlib_dbl_divzero  m_wm.l(dunder.o)
    0x08012188   0x00000014   Code   RO         1147    i.__mathlib_dbl_infnan  m_wm.l(dunder.o)
    0x0801219c   0x00000014   Code   RO         1148    i.__mathlib_dbl_infnan2  m_wm.l(dunder.o)
    0x080121b0   0x00000020   Code   RO         1149    i.__mathlib_dbl_invalid  m_wm.l(dunder.o)
    0x080121d0   0x00000020   Code   RO         1150    i.__mathlib_dbl_overflow  m_wm.l(dunder.o)
    0x080121f0   0x00000020   Code   RO         1152    i.__mathlib_dbl_underflow  m_wm.l(dunder.o)
    0x08012210   0x00000018   Code   RO         1071    i.fabs              m_wm.l(fabs.o)
    0x08012228   0x0000006e   Code   RO         1103    i.sqrt              m_wm.l(sqrt.o)
    0x08012296   0x00000018   Code   RO          997    x$fpl$basic         fz_wm.l(basic.o)
    0x080122ae   0x00000002   PAD
    0x080122b0   0x00000062   Code   RO          999    x$fpl$d2f           fz_wm.l(d2f.o)
    0x08012312   0x00000002   PAD
    0x08012314   0x00000150   Code   RO         1001    x$fpl$dadd          fz_wm.l(daddsub_clz.o)
    0x08012464   0x00000010   Code   RO         1202    x$fpl$dcheck1       fz_wm.l(dcheck1.o)
    0x08012474   0x00000018   Code   RO         1128    x$fpl$dcmpinf       fz_wm.l(dcmpi.o)
    0x0801248c   0x000002b0   Code   RO         1008    x$fpl$ddiv          fz_wm.l(ddiv.o)
    0x0801273c   0x0000005e   Code   RO         1011    x$fpl$dfix          fz_wm.l(dfix.o)
    0x0801279a   0x0000002e   Code   RO         1016    x$fpl$dflt          fz_wm.l(dflt_clz.o)
    0x080127c8   0x00000026   Code   RO         1015    x$fpl$dfltu         fz_wm.l(dflt_clz.o)
    0x080127ee   0x00000002   PAD
    0x080127f0   0x00000078   Code   RO         1021    x$fpl$dleqf         fz_wm.l(dleqf.o)
    0x08012868   0x00000154   Code   RO         1023    x$fpl$dmul          fz_wm.l(dmul.o)
    0x080129bc   0x0000009c   Code   RO         1130    x$fpl$dnaninf       fz_wm.l(dnaninf.o)
    0x08012a58   0x0000000c   Code   RO         1132    x$fpl$dretinf       fz_wm.l(dretinf.o)
    0x08012a64   0x0000006c   Code   RO         1025    x$fpl$drleqf        fz_wm.l(drleqf.o)
    0x08012ad0   0x00000016   Code   RO         1002    x$fpl$drsb          fz_wm.l(daddsub_clz.o)
    0x08012ae6   0x00000002   PAD
    0x08012ae8   0x00000198   Code   RO         1134    x$fpl$dsqrt         fz_wm.l(dsqrt_umaal.o)
    0x08012c80   0x000001d4   Code   RO         1003    x$fpl$dsub          fz_wm.l(daddsub_clz.o)
    0x08012e54   0x00000056   Code   RO         1027    x$fpl$f2d           fz_wm.l(f2d.o)
    0x08012eaa   0x0000008c   Code   RO         1136    x$fpl$fnaninf       fz_wm.l(fnaninf.o)
    0x08012f36   0x0000000a   Code   RO         1277    x$fpl$fpinit        fz_wm.l(fpinit.o)
    0x08012f40   0x0000000a   Code   RO         1138    x$fpl$fretinf       fz_wm.l(fretinf.o)
    0x08012f4a   0x00000064   Code   RO         1217    x$fpl$retnan        fz_wm.l(retnan.o)
    0x08012fae   0x0000005c   Code   RO         1140    x$fpl$scalbn        fz_wm.l(scalbn.o)
    0x0801300a   0x00000030   Code   RO         1266    x$fpl$trapveneer    fz_wm.l(trapv.o)
    0x0801303a   0x00000000   Code   RO         1142    x$fpl$usenofp       fz_wm.l(usenofp.o)
    0x0801303a   0x00000002   PAD
    0x0801303c   0x00000108   Data   RO          253    .constdata          elmo.o
    0x08013144   0x00000074   Data   RO          622    .constdata          os_dbg.o
    0x080131b8   0x00000100   Data   RO          638    .constdata          os_core.o
    0x080132b8   0x00000050   Data   RO         1032    .constdata          m_wm.l(acos.o)
    0x08013308   0x00000050   Data   RO         1046    .constdata          m_wm.l(asin.o)
    0x08013358   0x00000088   Data   RO         1078    .constdata          m_wm.l(pow.o)
    0x080133e0   0x00000030   Data   RO         1144    .constdata          m_wm.l(cos_i.o)
    0x08013410   0x00000008   Data   RO         1164    .constdata          m_wm.l(qnan.o)
    0x08013418   0x000000c8   Data   RO         1167    .constdata          m_wm.l(rred.o)
    0x080134e0   0x00000028   Data   RO         1171    .constdata          m_wm.l(sin_i.o)
    0x08013508   0x00000060   Data   RO         1177    .constdata          m_wm.l(tan_i.o)
    0x08013568   0x00000020   Data   RO         1344    Region$$Table       anon$$obj.o


    Execution Region ER_RW (Base: 0x20000000, Size: 0x00000228, Max: 0xffffffff, ABSOLUTE, COMPRESSED[0x00000030])

    Base Addr    Size         Type   Attr      Idx    E Section Name        Object

    0x20000000   0x00000028   Data   RW          135    .data               stm32f4xx_it.o
    0x20000028   0x00000002   Data   RW          224    .data               usart.o
    0x2000002a   0x00000002   Data   RW          274    .data               can.o
    0x2000002c   0x00000018   Data   RW          298    .data               adc.o
    0x20000044   0x00000008   Data   RW          326    .data               cylinder.o
    0x2000004c   0x0000004f   Data   RW          353    .data               task.o
    0x2000009b   0x00000001   PAD
    0x2000009c   0x0000000c   Data   RW          409    .data               walk.o
    0x200000a8   0x00000050   Data   RW          432    .data               get_set.o
    0x200000f8   0x0000004c   Data   RW          467    .data               fuzzypid.o
    0x20000144   0x00000058   Data   RW          490    .data               track.o
    0x2000019c   0x00000014   Data   RW          557    .data               system_stm32f4xx.o
    0x200001b0   0x00000006   Data   RW          591    .data               os_cpu_c.o
    0x200001b6   0x00000002   PAD
    0x200001b8   0x00000060   Data   RW          639    .data               os_core.o
    0x20000218   0x00000010   Data   RW          807    .data               stm32f4xx_rcc.o


    Execution Region ER_ZI (Base: 0x20000228, Size: 0x00005de8, Max: 0xffffffff, ABSOLUTE)

    Base Addr    Size         Type   Attr      Idx    E Section Name        Object

    0x20000228   0x00001c00   Zero   RW            4    .bss                main.o
    0x20001e28   0x0000000c   Zero   RW          134    .bss                stm32f4xx_it.o
    0x20001e34   0x0000005c   Zero   RW          297    .bss                adc.o
    0x20001e90   0x00001c94   Zero   RW          352    .bss                task.o
    0x20003b24   0x00000068   Zero   RW          408    .bss                walk.o
    0x20003b8c   0x00000050   Zero   RW          431    .bss                get_set.o
    0x20003bdc   0x00000048   Zero   RW          466    .bss                fuzzypid.o
    0x20003c24   0x00000200   Zero   RW          590    .bss                os_cpu_c.o
    0x20003e24   0x00001b88   Zero   RW          637    .bss                os_core.o
    0x200059ac   0x00000060   Zero   RW         1205    .bss                c_w.l(libspace.o)
    0x20005a0c   0x00000004   PAD
    0x20005a10   0x00000200   Zero   RW          581    HEAP                startup_stm32f4xx.o
    0x20005c10   0x00000400   Zero   RW          580    STACK               startup_stm32f4xx.o


==============================================================================

Image component sizes


      Code (inc. data)   RO Data    RW Data    ZI Data      Debug   Object Name

       948         68          0          0          0       3161   action_math.o
       868         58          0         24         92      17023   adc.o
      1192         18          0          2          0       3428   can.o
       512          8          0          8          0       3551   cylinder.o
      1804        444          0          0          0       1708   debug.o
      1584         22        264          0          0       3937   elmo.o
      9004        526          0         76         72      10589   fuzzypid.o
      1432        154          0         80         80       9261   get_set.o
       408         22          0          0          0       2583   gpio.o
       116         18          0          0       7168     230578   main.o
       224         20          0          0          0       2013   misc.o
        18          0          0          0          0       1547   os_apphooks.o
      3408        290        256         96       7048      19239   os_core.o
       184         32          0          0          0        340   os_cpu_a.o
       712         28          0          6        512      12443   os_cpu_c.o
       348        230        116          0          0       3462   os_dbg.o
      2148         44          0          0          0       7064   os_flag.o
       600         16          0          0          0       3376   os_mem.o
      1620         34          0          0          0       5809   os_q.o
       992         22          0          0          0       4026   os_sem.o
      2316         76          0          0          0       8193   os_task.o
       468         28          0          0          0       1882   os_time.o
      1760        132          0          0          0       5689   os_tmr.o
       368        180          0          0          0       1694   robs.o
       112          8          0          0          0        923   selfcheck.o
        80         32        392          0       1536        900   startup_stm32f4xx.o
      1124         24          0          0          0      10686   stm32f4xx_adc.o
      2544         38          0          0          0       8160   stm32f4xx_can.o
       936         32          0          0          0       6489   stm32f4xx_dma.o
       604         36          0          0          0       4253   stm32f4xx_gpio.o
      2560        170          0         40         12      34109   stm32f4xx_it.o
      1416         48          0         16          0      11187   stm32f4xx_rcc.o
      3234         60          0          0          0      22488   stm32f4xx_tim.o
      1086         26          0          0          0       8008   stm32f4xx_usart.o
       528         46          0         20          0       1939   system_stm32f4xx.o
      7388        720          0         79       7316       7476   task.o
      1928         40          0          0          0      44975   timer.o
      2928        354          0         88          0       3958   track.o
      2720         72          0          2          0       8294   usart.o
      2556        128          0         12        104       5735   walk.o

    ----------------------------------------------------------------------
     64784       4304       1060        552      23940     542176   Object Totals
         0          0         32          0          0          0   (incl. Generated)
         6          0          0          3          0          0   (incl. Padding)

    ----------------------------------------------------------------------

      Code (inc. data)   RO Data    RW Data    ZI Data      Debug   Library Member Name

        90          0          0          0          0          0   __dczerorl2.o
         8          0          0          0          0         68   __main.o
         0          0          0          0          0          0   __rtentry.o
        12          0          0          0          0          0   __rtentry2.o
         6          0          0          0          0          0   __rtentry4.o
        52          8          0          0          0          0   __scatter.o
        28          0          0          0          0          0   __scatter_zi.o
        22          0          0          0          0        100   _rserrno.o
        12          0          0          0          0         72   exit.o
         6          0          0          0          0        152   heapauxi.o
         0          0          0          0          0          0   indicate_semi.o
         2          0          0          0          0          0   libinit.o
         6          0          0          0          0          0   libinit2.o
         2          0          0          0          0          0   libshutdown.o
         2          0          0          0          0          0   libshutdown2.o
         8          4          0          0         96         68   libspace.o
         8          4          0          0          0         68   rt_errno_addr_intlibspace.o
       100          0          0          0          0         80   rt_memcpy_w.o
         2          0          0          0          0          0   rtexit.o
        10          0          0          0          0          0   rtexit2.o
        12          4          0          0          0         68   sys_exit.o
        74          0          0          0          0         80   sys_stackheap_outer.o
         2          0          0          0          0         68   use_no_semi.o
        24          0          0          0          0        164   basic.o
        98          4          0          0          0        140   d2f.o
       826         16          0          0          0        492   daddsub_clz.o
        16          4          0          0          0        116   dcheck1.o
        24          0          0          0          0        116   dcmpi.o
       688        140          0          0          0        256   ddiv.o
        94          4          0          0          0        140   dfix.o
        84          0          0          0          0        232   dflt_clz.o
       120          4          0          0          0        140   dleqf.o
       340         12          0          0          0        152   dmul.o
       156          4          0          0          0        140   dnaninf.o
        12          0          0          0          0        116   dretinf.o
       108          0          0          0          0        128   drleqf.o
       408         56          0          0          0        168   dsqrt_umaal.o
        86          4          0          0          0        132   f2d.o
       140          4          0          0          0        132   fnaninf.o
        10          0          0          0          0        116   fpinit.o
        10          0          0          0          0        116   fretinf.o
       100          0          0          0          0        116   retnan.o
        92          0          0          0          0        116   scalbn.o
        48          0          0          0          0        116   trapv.o
         0          0          0          0          0          0   usenofp.o
       856        118         80          0          0        288   acos.o
       864         94         80          0          0        280   asin.o
       200         20          0          0          0        164   cos.o
       368         46         48          0          0        200   cos_i.o
       184         44          0          0          0        744   dunder.o
        44          0          0          0          0        248   fabs.o
        48          0          0          0          0        124   fpclassify.o
       248          0          0          0          0        152   poly.o
      3128        302        136          0          0        356   pow.o
         0          0          8          0          0          0   qnan.o
      1080        142        200          0          0        188   rred.o
       200         20          0          0          0        164   sin.o
       304         24         40          0          0        208   sin_i.o
       232          0          0          0          0        296   sqrt.o
       128         20          0          0          0        144   tan.o
       848         84         96          0          0        196   tan_i.o

    ----------------------------------------------------------------------
     12708       1186        688          0        100       7920   Library Totals
        28          0          0          0          4          0   (incl. Padding)

    ----------------------------------------------------------------------

      Code (inc. data)   RO Data    RW Data    ZI Data      Debug   Library Name

       464         20          0          0         96        824   c_w.l
      3484        252          0          0          0       3344   fz_wm.l
      8732        914        688          0          0       3752   m_wm.l

    ----------------------------------------------------------------------
     12708       1186        688          0        100       7920   Library Totals

    ----------------------------------------------------------------------

==============================================================================


      Code (inc. data)   RO Data    RW Data    ZI Data      Debug   

     77492       5490       1748        552      24040     537084   Grand Totals
     77492       5490       1748         48      24040     537084   ELF Image Totals (compressed)
     77492       5490       1748         48          0          0   ROM Totals

==============================================================================

    Total RO  Size (Code + RO Data)                79240 (  77.38kB)
    Total RW  Size (RW Data + ZI Data)             24592 (  24.02kB)
    Total ROM Size (Code + RO Data + RW Data)      79288 (  77.43kB)

==============================================================================

